Component: ARM Compiler 5.06 update 4 (build 422) Tool: armlink [4d35d2]

==============================================================================

Small function inlining results

Inlined function __aeabi_idiv0 from aeabi_idiv0.o at offset 0x154 in aeabi_sdiv.o(.text).
Inlined Instruction: BX       lr
Inlined function __aeabi_idiv0 from aeabi_idiv0.o at offset 0x154 in aeabi_sdiv_div0.o(.text).
Inlined Instruction: BX       lr
Inlined function _platform_pre_stackheap_init from boardinit1.o at offset 0x0 in __rtentry2.o(.ARM.Collect$$rtentry$$00000001).
Inlined Instruction: BX       lr
Inlined function _fp_init from fpinit.o at offset 0x0 in libinit2.o(.ARM.Collect$$libinit$$00000001).
Inlined Instruction: BX       lr
Inlined function _platform_pre_lib_shutdown from boardshut.o at offset 0x0 in rtexit2.o(.ARM.Collect$$rtexit$$00000001).
Inlined Instruction: BX       lr
Inlined function __ARM_get_argv from no_argv.o at offset 0x2 in argv_veneer.o(.text).
Inlined Instruction: BX       lr
Inlined total of 6 calls.

==============================================================================

Image Symbol Table

    Local Symbols

    Symbol Name                              Value     Ov Type        Size  Object(Section)

    RESET                                    0x00000000   Section      192  startup_nuc029xge.o(RESET)
    ../clib/angel/boardlib.s                 0x00000000   Number         0  boardshut.o ABSOLUTE
    ../clib/angel/boardlib.s                 0x00000000   Number         0  boardinit2.o ABSOLUTE
    ../clib/angel/boardlib.s                 0x00000000   Number         0  boardinit1.o ABSOLUTE
    ../clib/angel/boardlib.s                 0x00000000   Number         0  boardinit3.o ABSOLUTE
    ../clib/angel/handlers.s                 0x00000000   Number         0  __scatter_zi.o ABSOLUTE
    ../clib/angel/handlers.s                 0x00000000   Number         0  __scatter_copy.o ABSOLUTE
    ../clib/angel/kernel.s                   0x00000000   Number         0  __rtentry.o ABSOLUTE
    ../clib/angel/kernel.s                   0x00000000   Number         0  rtexit2.o ABSOLUTE
    ../clib/angel/kernel.s                   0x00000000   Number         0  __rtentry4.o ABSOLUTE
    ../clib/angel/kernel.s                   0x00000000   Number         0  __rtentry2.o ABSOLUTE
    ../clib/angel/kernel.s                   0x00000000   Number         0  rtexit.o ABSOLUTE
    ../clib/angel/rt.s                       0x00000000   Number         0  rt_raise.o ABSOLUTE
    ../clib/angel/rt.s                       0x00000000   Number         0  rt_div0.o ABSOLUTE
    ../clib/angel/rt.s                       0x00000000   Number         0  aeabi_idiv0_sigfpe.o ABSOLUTE
    ../clib/angel/rt.s                       0x00000000   Number         0  aeabi_idiv0.o ABSOLUTE
    ../clib/angel/scatterp.s                 0x00000000   Number         0  __scatter.o ABSOLUTE
    ../clib/angel/startup.s                  0x00000000   Number         0  __main.o ABSOLUTE
    ../clib/angel/sys.s                      0x00000000   Number         0  indicate_semi.o ABSOLUTE
    ../clib/angel/sys.s                      0x00000000   Number         0  tempstk.o ABSOLUTE
    ../clib/angel/sys.s                      0x00000000   Number         0  sys_stackheap_outer.o ABSOLUTE
    ../clib/angel/sys.s                      0x00000000   Number         0  libspace.o ABSOLUTE
    ../clib/angel/sys.s                      0x00000000   Number         0  use_no_semi.o ABSOLUTE
    ../clib/angel/sysapp.c                   0x00000000   Number         0  sys_command.o ABSOLUTE
    ../clib/angel/sysapp.c                   0x00000000   Number         0  sys_exit.o ABSOLUTE
    ../clib/armsys.c                         0x00000000   Number         0  no_argv.o ABSOLUTE
    ../clib/armsys.c                         0x00000000   Number         0  _get_argv_nomalloc.o ABSOLUTE
    ../clib/armsys.c                         0x00000000   Number         0  argv_veneer.o ABSOLUTE
    ../clib/division.c                       0x00000000   Number         0  rtudiv10.o ABSOLUTE
    ../clib/division.s                       0x00000000   Number         0  aeabi_sdiv.o ABSOLUTE
    ../clib/division.s                       0x00000000   Number         0  aeabi_sdiv_div0.o ABSOLUTE
    ../clib/heapalloc.c                      0x00000000   Number         0  hrguard.o ABSOLUTE
    ../clib/heapaux.c                        0x00000000   Number         0  heapauxi.o ABSOLUTE
    ../clib/libinit.s                        0x00000000   Number         0  libinit.o ABSOLUTE
    ../clib/libinit.s                        0x00000000   Number         0  libshutdown.o ABSOLUTE
    ../clib/libinit.s                        0x00000000   Number         0  libshutdown2.o ABSOLUTE
    ../clib/libinit.s                        0x00000000   Number         0  libinit2.o ABSOLUTE
    ../clib/memcpset.c                       0x00000000   Number         0  rt_memcpy.o ABSOLUTE
[...]
    i.TYM_drv_SysPower_init                  0x00002190   Section        0  drv_power.o(i.TYM_drv_SysPower_init)
    i.TYM_drv_ac_status_updata               0x000021c0   Section        0  drv_power.o(i.TYM_drv_ac_status_updata)
    i.TYM_drv_ex_bat_status_updata           0x000021f0   Section        0  drv_power.o(i.TYM_drv_ex_bat_status_updata)
    i.TYM_drv_powerkeepon                    0x00002248   Section        0  drv_power.o(i.TYM_drv_powerkeepon)
    i.TYM_gpio_adc_get                       0x00002258   Section        0  io_gpio.o(i.TYM_gpio_adc_get)
    i.TYM_gpio_init                          0x000022f0   Section        0  io_gpio.o(i.TYM_gpio_init)
    i.TYM_power_gpio_init                    0x00002338   Section        0  drv_power.o(i.TYM_power_gpio_init)
    i.TYM_sys_PowerManger_init               0x000023b8   Section        0  drv_power.o(i.TYM_sys_PowerManger_init)
    i.TimeOutSet                             0x000023d4   Section        0  hal_timer0.o(i.TimeOutSet)
    i.Transfer_Uart_Init                     0x000023e8   Section        0  io_uart.o(i.Transfer_Uart_Init)
    i.UART02_IRQHandler                      0x00002468   Section        0  io_uart.o(i.UART02_IRQHandler)
    i.UART0_Init                             0x00002470   Section        0  io_uart.o(i.UART0_Init)
    i.UART1_IRQHandler                       0x00002498   Section        0  io_uart.o(i.UART1_IRQHandler)
    i.UART1_Init                             0x000024a0   Section        0  io_uart.o(i.UART1_Init)
    i.UART2_Init                             0x000024c8   Section        0  io_uart.o(i.UART2_Init)
    i.UART_4G_HANDLE                         0x00002508   Section        0  io_uart.o(i.UART_4G_HANDLE)
    i.UART_ClearIntFlag                      0x000025a0   Section        0  uart_1.o(i.UART_ClearIntFlag)
    i.UART_EnableInt                         0x000025d8   Section        0  uart_1.o(i.UART_EnableInt)
    i.UART_TEST_HANDLE                       0x00002608   Section        0  io_uart.o(i.UART_TEST_HANDLE)
    i.USCI0_Init                             0x00002698   Section        0  io_usci_uart.o(i.USCI0_Init)
    i.USCI_IRQHandler                        0x000026e8   Section        0  io_usci_uart.o(i.USCI_IRQHandler)
    i.USCI_UART_FunctionTest                 0x000026f0   Section        0  io_usci_uart.o(i.USCI_UART_FunctionTest)
    i.USCI_UART_TEST_HANDLE                  0x00002878   Section        0  io_usci_uart.o(i.USCI_UART_TEST_HANDLE)
    i.USCI_Uart_Init                         0x00002908   Section        0  io_usci_uart.o(i.USCI_Uart_Init)
    i.UUART_Open                             0x00002958   Section        0  usci_uart_1.o(i.UUART_Open)
    i.__ARM_common_switch8                   0x00002a88   Section        0  io_i2c.o(i.__ARM_common_switch8)
    i._is_digit                              0x00002aa2   Section        0  __printf_wp.o(i._is_digit)
    i.drv_4G_led_on                          0x00002ab0   Section        0  drv_led.o(i.drv_4G_led_on)
    i.drv_5825_00_i2c_write                  0x00002ad8   Section        0  drv_dap_tas5825.o(i.drv_5825_00_i2c_write)
    drv_5825_00_i2c_write                    0x00002ad9   Thumb Code    88  drv_dap_tas5825.o(i.drv_5825_00_i2c_write)
    i.drv_5825_01_i2c_write                  0x00002b38   Section        0  drv_dap_tas5825.o(i.drv_5825_01_i2c_write)
    drv_5825_01_i2c_write                    0x00002b39   Thumb Code    88  drv_dap_tas5825.o(i.drv_5825_01_i2c_write)
    i.drv_5825_Init                          0x00002b98   Section        0  drv_dap_tas5825.o(i.drv_5825_Init)
    i.drv_5825_Load_in_Param                 0x00002be4   Section        0  drv_dap_tas5825.o(i.drv_5825_Load_in_Param)
    drv_5825_Load_in_Param                   0x00002be5   Thumb Code    34  drv_dap_tas5825.o(i.drv_5825_Load_in_Param)
    i.drv_5825_amp_fault_det_init            0x00002c2c   Section        0  drv_dap_tas5825.o(i.drv_5825_amp_fault_det_init)
    i.drv_5825_amp_warn_det_init             0x00002c40   Section        0  drv_dap_tas5825.o(i.drv_5825_amp_warn_det_init)
    i.drv_5825_gpio012_config                0x00002c54   Section        0  drv_dap_tas5825.o(i.drv_5825_gpio012_config)
    i.drv_5825_mute_pin_init                 0x00002c90   Section        0  drv_dap_tas5825.o(i.drv_5825_mute_pin_init)
    i.drv_5825_mute_pin_set                  0x00002ca8   Section        0  drv_dap_tas5825.o(i.drv_5825_mute_pin_set)
    i.drv_5825_powerdown_pin_init            0x00002cb8   Section        0  drv_dap_tas5825.o(i.drv_5825_powerdown_pin_init)
    i.drv_5825_powerdown_pin_set             0x00002cc4   Section        0  drv_dap_tas5825.o(i.drv_5825_powerdown_pin_set)
    i.drv_5825_vol_set                       0x00002cec   Section        0  drv_dap_tas5825.o(i.drv_5825_vol_set)
    i.drv_Adc_pcm1862_Init                   0x00002d58   Section        0  drv_adc_pcm1862.o(i.drv_Adc_pcm1862_Init)
    i.drv_Cmd_Send2NCU031                    0x00002da0   Section        0  drv_nuc031.o(i.drv_Cmd_Send2NCU031)
    i.drv_FM_on_NCU031_reset                 0x00002e1c   Section        0  drv_nuc031.o(i.drv_FM_on_NCU031_reset)
    i.drv_FourGmodel_power_key_SetHi         0x00002e58   Section        0  drv_4g_model.o(i.drv_FourGmodel_power_key_SetHi)
    i.drv_FourGmodel_power_key_SetLow        0x00002e64   Section        0  drv_4g_model.o(i.drv_FourGmodel_power_key_SetLow)
    i.drv_all_led_on                         0x00002e70   Section        0  drv_led.o(i.drv_all_led_on)
    i.drv_audio_4G_Channel                   0x00002e9c   Section        0  drv_audio.o(i.drv_audio_4G_Channel)
    i.drv_audio_AuxIn_Channel                0x00002ea6   Section        0  drv_audio.o(i.drv_audio_AuxIn_Channel)
    i.drv_audio_FM_Channel                   0x00002eb0   Section        0  drv_audio.o(i.drv_audio_FM_Channel)
    i.drv_aux_led_on                         0x00002ebc   Section        0  drv_led.o(i.drv_aux_led_on)
    i.drv_bt_led_on                          0x00002edc   Section        0  drv_led.o(i.drv_bt_led_on)
    i.drv_dap_3251_Init                      0x00002f04   Section        0  drv_dap_tas3251.o(i.drv_dap_3251_Init)
    i.drv_dap_3251_i2c_write                 0x00002f94   Section        0  drv_dap_tas3251.o(i.drv_dap_3251_i2c_write)
    drv_dap_3251_i2c_write                   0x00002f95   Thumb Code    90  drv_dap_tas3251.o(i.drv_dap_3251_i2c_write)
    i.drv_dap_3251_rest                      0x00002ff4   Section        0  drv_dap_tas3251.o(i.drv_dap_3251_rest)
    i.drv_dap_3251_vol_set                   0x00003024   Section        0  drv_dap_tas3251.o(i.drv_dap_3251_vol_set)
    i.drv_err_led_on                         0x00003078   Section        0  drv_led.o(i.drv_err_led_on)
    i.drv_fm_led_on                          0x0000308c   Section        0  drv_led.o(i.drv_fm_led_on)
    i.drv_gipo_key_init                      0x000030ac   Section        0  drv_gpio_key.o(i.drv_gipo_key_init)
    i.drv_led_init                           0x000030d0   Section        0  drv_led.o(i.drv_led_init)
    i.drv_pairing_cmd_send                   0x00003158   Section        0  drv_4g_model.o(i.drv_pairing_cmd_send)
    i.drv_pcm1862_input_channel              0x00003168   Section        0  drv_adc_pcm1862.o(i.drv_pcm1862_input_channel)
    i.drv_power_status_updata                0x00003200   Section        0  drv_power.o(i.drv_power_status_updata)
    i.drv_wifi_4g_switch_cmd_send            0x00003218   Section        0  drv_4g_model.o(i.drv_wifi_4g_switch_cmd_send)
    i.drv_wifi_led_on                        0x00003228   Section        0  drv_led.o(i.drv_wifi_led_on)
    i.ferror                                 0x00003250   Section        0  retarget.o(i.ferror)
    i.fputc                                  0x00003256   Section        0  retarget.o(i.fputc)
    i.main                                   0x00003264   Section        0  main.o(i.main)
    i.srv_audio_channel_check                0x0000381c   Section        0  srv_audio.o(i.srv_audio_channel_check)
    i.srv_audio_channel_switch               0x00003850   Section        0  srv_audio.o(i.srv_audio_channel_switch)
    i.srv_audio_handler                      0x00003888   Section        0  srv_audio.o(i.srv_audio_handler)
    i.srv_bat_charge_handler                 0x00003890   Section        0  srv_battery.o(i.srv_bat_charge_handler)
    i.srv_key_eq_switch_handler              0x0000391c   Section        0  srv_key.o(i.srv_key_eq_switch_handler)
    i.srv_key_handler                        0x0000392c   Section        0  srv_key.o(i.srv_key_handler)
    i.srv_key_mode_handler                   0x000039b8   Section        0  srv_key.o(i.srv_key_mode_handler)
    i.srv_key_net_config_handler             0x00003a30   Section        0  srv_key.o(i.srv_key_net_config_handler)
    i.srv_key_next_song_handler              0x00003a40   Section        0  srv_key.o(i.srv_key_next_song_handler)
    i.srv_key_next_station_handler           0x00003a50   Section        0  srv_key.o(i.srv_key_next_station_handler)
    i.srv_key_play_pause_handler             0x00003a60   Section        0  srv_key.o(i.srv_key_play_pause_handler)
    i.srv_key_prev_song_handler              0x00003a70   Section        0  srv_key.o(i.srv_key_prev_song_handler)
    i.srv_key_prev_station_handler           0x00003a80   Section        0  srv_key.o(i.srv_key_prev_station_handler)
    i.srv_key_volume_down_handler            0x00003a90   Section        0  srv_key.o(i.srv_key_volume_down_handler)
    i.srv_key_volume_up_handler              0x00003aa0   Section        0  srv_key.o(i.srv_key_volume_up_handler)
    i.srv_led_change_handler                 0x00003ab0   Section        0  srv_led.o(i.srv_led_change_handler)
    i.srv_led_status_show                    0x00003ac4   Section        0  srv_led.o(i.srv_led_status_show)
    i.srv_led_sys_initing                    0x00003b5c   Section        0  srv_led.o(i.srv_led_sys_initing)
    i.srv_rtc_alarm_get                      0x00003bac   Section        0  srv_rtc.o(i.srv_rtc_alarm_get)
    i.srv_rtc_alarm_set_dw                   0x00003bf8   Section        0  srv_rtc.o(i.srv_rtc_alarm_set_dw)
    i.srv_rtc_alarm_set_hm                   0x00003c48   Section        0  srv_rtc.o(i.srv_rtc_alarm_set_hm)
    i.srv_rtc_alarm_set_st                   0x00003ca0   Section        0  srv_rtc.o(i.srv_rtc_alarm_set_st)
    i.srv_rtc_alarm_set_ym                   0x00003cfc   Section        0  srv_rtc.o(i.srv_rtc_alarm_set_ym)
    i.srv_rtc_get                            0x00003d54   Section        0  srv_rtc.o(i.srv_rtc_get)
    i.srv_rtc_set_dw                         0x00003da0   Section        0  srv_rtc.o(i.srv_rtc_set_dw)
    i.srv_rtc_set_hm                         0x00003df4   Section        0  srv_rtc.o(i.srv_rtc_set_hm)
    i.srv_rtc_set_st                         0x00003e4c   Section        0  srv_rtc.o(i.srv_rtc_set_st)
    i.srv_rtc_set_ym                         0x00003ea8   Section        0  srv_rtc.o(i.srv_rtc_set_ym)
    i.stackDump                              0x00003f04   Section        0  retarget.o(i.stackDump)
    stackDump                                0x00003f05   Thumb Code    70  retarget.o(i.stackDump)
    .constdata                               0x00003fac   Section       32  system_nuc029xge.o(.constdata)
    .constdata                               0x00003fcc   Section        2  drv_adc_pcm1862.o(.constdata)
    .constdata                               0x00003fce   Section        2  drv_adc_pcm1862.o(.constdata)
    .constdata                               0x00003fd0   Section        2  drv_adc_pcm1862.o(.constdata)
    .constdata                               0x00003fd2   Section        2  drv_adc_pcm1862.o(.constdata)
    .constdata                               0x00003fd4   Section        2  drv_adc_pcm1862.o(.constdata)
    .constdata                               0x00003fd6   Section        2  drv_adc_pcm1862.o(.constdata)
    .constdata                               0x00003fd8   Section       48  drv_adc_pcm1862.o(.constdata)
    pcm1862_mt                               0x00003fd8   Data          48  drv_adc_pcm1862.o(.constdata)
    .constdata                               0x00004008   Section     2282  drv_dap_tas3251.o(.constdata)
    wf_registers                             0x0000400e   Data        2262  drv_dap_tas3251.o(.constdata)
    .constdata                               0x000048f2   Section    15768  drv_dap_tas5825.o(.constdata)
    .constdata                               0x0000868a   Section       12  drv_gpio_key.o(.constdata)
    SoftwareKeyEvent                         0x0000868a   Data          12  drv_gpio_key.o(.constdata)
    .constdata                               0x00008698   Section       48  clk.o(.constdata)
    .constdata                               0x000086c8   Section       32  timer.o(.constdata)
    .constdata                               0x000086e8   Section       40  _printf_hex_int.o(.constdata)
    uc_hextab                                0x000086e8   Data          20  _printf_hex_int.o(.constdata)
    lc_hextab                                0x000086fc   Data          20  _printf_hex_int.o(.constdata)
    .constdata                               0x00008710   Section       17  __printf_flags_wp.o(.constdata)
    maptable                                 0x00008710   Data          17  __printf_flags_wp.o(.constdata)
    .data                                    0x20000000   Section       12  system_nuc029xge.o(.data)
    .data                                    0x2000000c   Section        4  core.o(.data)
    .data                                    0x20000010   Section        1  core_msg.o(.data)
    curr_pos                                 0x20000010   Data           1  core_msg.o(.data)
    .data                                    0x20000014   Section       28  hal_timer0.o(.data)
    temp_count                               0x20000014   Data           1  hal_timer0.o(.data)
    .data                                    0x20000030   Section        8  hal_timer0.o(.data)
    .data                                    0x20000038   Section        1  main.o(.data)
    .data                                    0x20000039   Section        1  main.o(.data)
    .data                                    0x2000003c   Section       16  io_uart.o(.data)
    nRxIndex                                 0x2000003f   Data           1  io_uart.o(.data)
    .data                                    0x2000004c   Section        4  io_usci_uart.o(.data)
    nRxIndex                                 0x2000004f   Data           1  io_usci_uart.o(.data)
    .data                                    0x20000050   Section        8  drv_adc_pcm1862.o(.data)
    .data                                    0x20000058   Section      170  drv_dap_tas3251.o(.data)
    .data                                    0x20000102   Section      170  drv_dap_tas5825.o(.data)
    .data                                    0x200001ac   Section       68  drv_ irkey.o(.data)
    i                                        0x200001b0   Data           1  drv_ irkey.o(.data)
    repeat_time                              0x200001bc   Data           4  drv_ irkey.o(.data)
    IrKeyMap                                 0x200001c0   Data          24  drv_ irkey.o(.data)
    IrKeyMap_B                               0x200001d8   Data          24  drv_ irkey.o(.data)
    .data                                    0x200001f0   Section       20  drv_gpio_key.o(.data)
    PreKeyIndex                              0x200001f1   Data           1  drv_gpio_key.o(.data)
    .data                                    0x20000204   Section        4  retarget.o(.data)
    .data                                    0x20000208   Section       48  rtc.o(.data)
    g_u32hiYear                              0x20000208   Data           4  rtc.o(.data)
    g_u32loYear                              0x2000020c   Data           4  rtc.o(.data)
    g_u32hiMonth                             0x20000210   Data           4  rtc.o(.data)
    g_u32loMonth                             0x20000214   Data           4  rtc.o(.data)
    g_u32hiDay                               0x20000218   Data           4  rtc.o(.data)
    g_u32loDay                               0x2000021c   Data           4  rtc.o(.data)
    g_u32hiHour                              0x20000220   Data           4  rtc.o(.data)
    g_u32loHour                              0x20000224   Data           4  rtc.o(.data)
    g_u32hiMin                               0x20000228   Data           4  rtc.o(.data)
    g_u32loMin                               0x2000022c   Data           4  rtc.o(.data)
    g_u32hiSec                               0x20000230   Data           4  rtc.o(.data)
    g_u32loSec                               0x20000234   Data           4  rtc.o(.data)
    .data                                    0x20000238   Section        2  srv_battery.o(.data)
    .data                                    0x2000023a   Section        3  srv_led.o(.data)
    led_status                               0x2000023a   Data           1  srv_led.o(.data)
    led_on_off                               0x2000023b   Data           1  srv_led.o(.data)
    i                                        0x2000023c   Data           1  srv_led.o(.data)
    .data                                    0x20000240   Section        8  srv_audio.o(.data)
    .bss                                     0x20000248   Section      512  core_msg.o(.bss)
    msg_arr                                  0x20000248   Data         512  core_msg.o(.bss)
    .bss                                     0x20000448   Section       24  io_i2c.o(.bss)
    i2c_trans_data                           0x20000448   Data          24  io_i2c.o(.bss)
    .bss                                     0x20000460   Section     1394  io_uart.o(.bss)
    uart2_data                               0x200008f6   Data         220  io_uart.o(.bss)
    .bss                                     0x200009d2   Section       33  drv_ irkey.o(.bss)
    .bss                                     0x200009f4   Section       48  tym_global.o(.bss)
    .bss                                     0x20000a24   Section       96  libspace.o(.bss)
    HEAP                                     0x20000a88   Section        0  startup_nuc029xge.o(HEAP)
    STACK                                    0x20000a88   Section     1024  startup_nuc029xge.o(STACK)
    Heap_Mem                                 0x20000a88   Data           0  startup_nuc029xge.o(HEAP)
    Stack_Mem                                0x20000a88   Data        1024  startup_nuc029xge.o(STACK)
    __initial_sp                             0x20000e88   Data           0  startup_nuc029xge.o(STACK)

    Global Symbols

    Symbol Name                              Value     Ov Type        Size  Object(Section)

    BuildAttributes$$THM_ISAv3M$S$PE$A:L22$X:L11$S22$IEEE1$IW$USESV6$~STKCKD$USESV7$~SHL$OSPACE$ROPI$EBA8$UX$STANDARDLIB$REQ8$PRES8$EABIv2 0x00000000   Number         0  anon$$obj.o ABSOLUTE
    __ARM_use_no_argv                        0x00000000   Number         0  main.o ABSOLUTE
    __Vectors                                0x00000000   Data           4  startup_nuc029xge.o(RESET)
    _printf_flags                            0x00000000   Number         0  printf_stubs.o ABSOLUTE
    _printf_return_value                     0x00000000   Number         0  printf_stubs.o ABSOLUTE
    _printf_sizespec                         0x00000000   Number         0  printf_stubs.o ABSOLUTE
    _printf_widthprec                        0x00000000   Number         0  printf_stubs.o ABSOLUTE
    __ARM_exceptions_init                     - Undefined Weak Reference
    __alloca_initialize                       - Undefined Weak Reference
    __arm_preinit_                            - Undefined Weak Reference
    __cpp_initialize__aeabi_                  - Undefined Weak Reference
    __cxa_finalize                            - Undefined Weak Reference
    __rt_locale                               - Undefined Weak Reference
    __sigvec_lookup                           - Undefined Weak Reference
    _atexit_init                              - Undefined Weak Reference
    _call_atexit_fns                          - Undefined Weak Reference
    _clock_init                               - Undefined Weak Reference
    _fp_trap_init                             - Undefined Weak Reference
    _fp_trap_shutdown                         - Undefined Weak Reference
    _get_lc_collate                           - Undefined Weak Reference
    _get_lc_ctype                             - Undefined Weak Reference
    _get_lc_monetary                          - Undefined Weak Reference
    _get_lc_numeric                           - Undefined Weak Reference
    _get_lc_time                              - Undefined Weak Reference
    _getenv_init                              - Undefined Weak Reference
    _handle_redirection                       - Undefined Weak Reference
    _init_alloc                               - Undefined Weak Reference
    _init_user_alloc                          - Undefined Weak Reference
    _initio                                   - Undefined Weak Reference
    _printf_truncate_signed                   - Undefined Weak Reference
    _printf_truncate_unsigned                 - Undefined Weak Reference
    _rand_init                                - Undefined Weak Reference
    _signal_finish                            - Undefined Weak Reference
    _signal_init                              - Undefined Weak Reference
    _terminate_alloc                          - Undefined Weak Reference
    _terminate_user_alloc                     - Undefined Weak Reference
    _terminateio                              - Undefined Weak Reference
    __main                                   0x000000c1   Thumb Code     8  __main.o(!!!main)
    __scatterload                            0x000000c9   Thumb Code     0  __scatter.o(!!!scatter)
    __scatterload_rt2                        0x000000c9   Thumb Code    52  __scatter.o(!!!scatter)
    __scatterload_rt2_thumb_only             0x000000c9   Thumb Code     0  __scatter.o(!!!scatter)
    __scatterload_null                       0x000000d9   Thumb Code     0  __scatter.o(!!!scatter)
    __scatterload_copy                       0x00000105   Thumb Code    26  __scatter_copy.o(!!handler_copy)
    __scatterload_zeroinit                   0x00000121   Thumb Code    28  __scatter_zi.o(!!handler_zi)
    _printf_percent                          0x0000013d   Thumb Code     0  _printf_percent.o(.ARM.Collect$$_printf_percent$$00000000)
    _printf_d                                0x0000013f   Thumb Code     0  _printf_d.o(.ARM.Collect$$_printf_percent$$00000009)
    _printf_x                                0x00000149   Thumb Code     0  _printf_x.o(.ARM.Collect$$_printf_percent$$0000000C)
    _printf_percent_end                      0x00000153   Thumb Code     0  _printf_percent_end.o(.ARM.Collect$$_printf_percent$$00000017)
    __rt_lib_init                            0x00000157   Thumb Code     0  libinit.o(.ARM.Collect$$libinit$$00000000)
    __rt_lib_init_alloca_1                   0x00000159   Thumb Code     0  libinit2.o(.ARM.Collect$$libinit$$0000002E)
    __rt_lib_init_argv_1                     0x00000159   Thumb Code     0  libinit2.o(.ARM.Collect$$libinit$$0000002C)
    __rt_lib_init_atexit_1                   0x00000159   Thumb Code     0  libinit2.o(.ARM.Collect$$libinit$$0000001B)
    __rt_lib_init_clock_1                    0x00000159   Thumb Code     0  libinit2.o(.ARM.Collect$$libinit$$00000021)
    __rt_lib_init_cpp_1                      0x00000159   Thumb Code     0  libinit2.o(.ARM.Collect$$libinit$$00000032)
    __rt_lib_init_exceptions_1               0x00000159   Thumb Code     0  libinit2.o(.ARM.Collect$$libinit$$00000030)
    __rt_lib_init_fp_1                       0x00000159   Thumb Code     0  libinit2.o(.ARM.Collect$$libinit$$00000002)
    __rt_lib_init_fp_trap_1                  0x00000159   Thumb Code     0  libinit2.o(.ARM.Collect$$libinit$$0000001F)
    __rt_lib_init_getenv_1                   0x00000159   Thumb Code     0  libinit2.o(.ARM.Collect$$libinit$$00000023)
    __rt_lib_init_heap_1                     0x00000159   Thumb Code     0  libinit2.o(.ARM.Collect$$libinit$$0000000A)
    __rt_lib_init_lc_collate_1               0x00000159   Thumb Code     0  libinit2.o(.ARM.Collect$$libinit$$00000011)
    __rt_lib_init_lc_ctype_1                 0x00000159   Thumb Code     0  libinit2.o(.ARM.Collect$$libinit$$00000013)
    __rt_lib_init_lc_monetary_1              0x00000159   Thumb Code     0  libinit2.o(.ARM.Collect$$libinit$$00000015)
    __rt_lib_init_lc_numeric_1               0x00000159   Thumb Code     0  libinit2.o(.ARM.Collect$$libinit$$00000017)
    __rt_lib_init_lc_time_1                  0x00000159   Thumb Code     0  libinit2.o(.ARM.Collect$$libinit$$00000019)
    __rt_lib_init_preinit_1                  0x00000159   Thumb Code     0  libinit2.o(.ARM.Collect$$libinit$$00000004)
    __rt_lib_init_rand_1                     0x00000159   Thumb Code     0  libinit2.o(.ARM.Collect$$libinit$$0000000E)
    __rt_lib_init_return                     0x00000159   Thumb Code     0  libinit2.o(.ARM.Collect$$libinit$$00000033)
    __rt_lib_init_signal_1                   0x00000159   Thumb Code     0  libinit2.o(.ARM.Collect$$libinit$$0000001D)
    __rt_lib_init_stdio_1                    0x00000159   Thumb Code     0  libinit2.o(.ARM.Collect$$libinit$$00000025)
    __rt_lib_init_user_alloc_1               0x00000159   Thumb Code     0  libinit2.o(.ARM.Collect$$libinit$$0000000C)
    __rt_lib_shutdown                        0x0000015b   Thumb Code     0  libshutdown.o(.ARM.Collect$$libshutdown$$00000000)
    __rt_lib_shutdown_cpp_1                  0x0000015d   Thumb Code     0  libshutdown2.o(.ARM.Collect$$libshutdown$$00000002)
    __rt_lib_shutdown_fp_trap_1              0x0000015d   Thumb Code     0  libshutdown2.o(.ARM.Collect$$libshutdown$$00000007)
    __rt_lib_shutdown_heap_1                 0x0000015d   Thumb Code     0  libshutdown2.o(.ARM.Collect$$libshutdown$$0000000F)
    __rt_lib_shutdown_return                 0x0000015d   Thumb Code     0  libshutdown2.o(.ARM.Collect$$libshutdown$$00000010)
    __rt_lib_shutdown_signal_1               0x0000015d   Thumb Code     0  libshutdown2.o(.ARM.Collect$$libshutdown$$0000000A)
    __rt_lib_shutdown_stdio_1                0x0000015d   Thumb Code     0  libshutdown2.o(.ARM.Collect$$libshutdown$$00000004)
    __rt_lib_shutdown_user_alloc_1           0x0000015d   Thumb Code     0  libshutdown2.o(.ARM.Collect$$libshutdown$$0000000C)
    __rt_entry                               0x0000015f   Thumb Code     0  __rtentry.o(.ARM.Collect$$rtentry$$00000000)
    __rt_entry_presh_1                       0x0000015f   Thumb Code     0  __rtentry2.o(.ARM.Collect$$rtentry$$00000002)
    __rt_entry_sh                            0x0000015f   Thumb Code     0  __rtentry4.o(.ARM.Collect$$rtentry$$00000004)
    __rt_entry_li                            0x00000165   Thumb Code     0  __rtentry2.o(.ARM.Collect$$rtentry$$0000000A)
    __rt_entry_postsh_1                      0x00000165   Thumb Code     0  __rtentry2.o(.ARM.Collect$$rtentry$$00000009)
    __rt_entry_main                          0x00000169   Thumb Code     0  __rtentry2.o(.ARM.Collect$$rtentry$$0000000D)
    __rt_entry_postli_1                      0x00000169   Thumb Code     0  __rtentry2.o(.ARM.Collect$$rtentry$$0000000C)
    __rt_exit                                0x00000171   Thumb Code     0  rtexit.o(.ARM.Collect$$rtexit$$00000000)
    __rt_exit_ls                             0x00000173   Thumb Code     0  rtexit2.o(.ARM.Collect$$rtexit$$00000003)
    __rt_exit_prels_1                        0x00000173   Thumb Code     0  rtexit2.o(.ARM.Collect$$rtexit$$00000002)
    __rt_exit_exit                           0x00000177   Thumb Code     0  rtexit2.o(.ARM.Collect$$rtexit$$00000004)
    HardFault_Handler                        0x0000017d   Thumb Code    24  retarget.o(.emb_text)
    __aeabi_memcpy4                          0x00000199   Thumb Code    56  rt_memcpy.o(.emb_text)
    __aeabi_memcpy8                          0x00000199   Thumb Code     0  rt_memcpy.o(.emb_text)
    Reset_Handler                            0x000001d1   Thumb Code     8  startup_nuc029xge.o(.text)
    NMI_Handler                              0x000001d9   Thumb Code     2  startup_nuc029xge.o(.text)
    SVC_Handler                              0x000001dd   Thumb Code     2  startup_nuc029xge.o(.text)
    PendSV_Handler                           0x000001df   Thumb Code     2  startup_nuc029xge.o(.text)
    SysTick_Handler                          0x000001e1   Thumb Code     2  startup_nuc029xge.o(.text)
    ACMP01_IRQHandler                        0x000001e3   Thumb Code     0  startup_nuc029xge.o(.text)
    BOD_IRQHandler                           0x000001e3   Thumb Code     0  startup_nuc029xge.o(.text)
    CLKDIRC_IRQHandler                       0x000001e3   Thumb Code     0  startup_nuc029xge.o(.text)
    EINT024_IRQHandler                       0x000001e3   Thumb Code     0  startup_nuc029xge.o(.text)
    EINT135_IRQHandler                       0x000001e3   Thumb Code     0  startup_nuc029xge.o(.text)
    GPAB_IRQHandler                          0x000001e3   Thumb Code     0  startup_nuc029xge.o(.text)
    PDMA_IRQHandler                          0x000001e3   Thumb Code     0  startup_nuc029xge.o(.text)
    PWM0_IRQHandler                          0x000001e3   Thumb Code     0  startup_nuc029xge.o(.text)
    PWM1_IRQHandler                          0x000001e3   Thumb Code     0  startup_nuc029xge.o(.text)
    PWRWU_IRQHandler                         0x000001e3   Thumb Code     0  startup_nuc029xge.o(.text)
    SC01_IRQHandler                          0x000001e3   Thumb Code     0  startup_nuc029xge.o(.text)
    SPI0_IRQHandler                          0x000001e3   Thumb Code     0  startup_nuc029xge.o(.text)
    SPI1_IRQHandler                          0x000001e3   Thumb Code     0  startup_nuc029xge.o(.text)
    TMR0_IRQHandler                          0x000001e3   Thumb Code     0  startup_nuc029xge.o(.text)
    TMR2_IRQHandler                          0x000001e3   Thumb Code     0  startup_nuc029xge.o(.text)
    TMR3_IRQHandler                          0x000001e3   Thumb Code     0  startup_nuc029xge.o(.text)
    USBD_IRQHandler                          0x000001e3   Thumb Code     0  startup_nuc029xge.o(.text)
    WDT_IRQHandler                           0x000001e3   Thumb Code     0  startup_nuc029xge.o(.text)
    __user_initial_stackheap                 0x000001e5   Thumb Code     0  startup_nuc029xge.o(.text)
    __2printf                                0x00000205   Thumb Code    22  noretval__2printf.o(.text)
    _printf_pre_padding                      0x00000221   Thumb Code    44  _printf_pad.o(.text)
    _printf_post_padding                     0x0000024d   Thumb Code    34  _printf_pad.o(.text)
    _printf_int_dec                          0x00000271   Thumb Code    90  _printf_dec.o(.text)
    _printf_int_hex                          0x000002dd   Thumb Code    84  _printf_hex_int.o(.text)
    _printf_longlong_hex                     0x000002dd   Thumb Code     0  _printf_hex_int.o(.text)
    __printf                                 0x00000335   Thumb Code   306  __printf_flags_wp.o(.text)
    __aeabi_uidiv                            0x0000046d   Thumb Code     0  aeabi_sdiv.o(.text)
    __aeabi_uidivmod                         0x0000046d   Thumb Code    20  aeabi_sdiv.o(.text)
    __aeabi_idiv                             0x00000481   Thumb Code     0  aeabi_sdiv.o(.text)
    __aeabi_idivmod                          0x00000481   Thumb Code   326  aeabi_sdiv.o(.text)
    __use_two_region_memory                  0x000005c7   Thumb Code     2  heapauxi.o(.text)
    __rt_heap_escrow$2region                 0x000005c9   Thumb Code     2  heapauxi.o(.text)
    __rt_heap_expand$2region                 0x000005cb   Thumb Code     2  heapauxi.o(.text)
    _printf_int_common                       0x000005cd   Thumb Code   176  _printf_intcommon.o(.text)
    _printf_char_file                        0x0000067d   Thumb Code    34  _printf_char_file.o(.text)
    __rt_udiv10                              0x000006a5   Thumb Code    40  rtudiv10.o(.text)
    _printf_char_common                      0x000006d7   Thumb Code    32  _printf_char_common.o(.text)
    __user_setup_stackheap                   0x000006fd   Thumb Code    62  sys_stackheap_outer.o(.text)
    exit                                     0x0000073b   Thumb Code    16  exit.o(.text)
    __user_libspace                          0x0000074d   Thumb Code     8  libspace.o(.text)
    __user_perproc_libspace                  0x0000074d   Thumb Code     0  libspace.o(.text)
    __user_perthread_libspace                0x0000074d   Thumb Code     0  libspace.o(.text)
    _sys_exit                                0x00000755   Thumb Code     8  sys_exit.o(.text)
    __I$use$semihosting                      0x00000761   Thumb Code     0  use_no_semi.o(.text)
    __use_no_semihosting_swi                 0x00000761   Thumb Code     2  use_no_semi.o(.text)
    __semihosting_library_function           0x00000763   Thumb Code     0  indicate_semi.o(.text)
    ADC_DisableInt                           0x00000765   Thumb Code    38  adc.o(i.ADC_DisableInt)
    ADC_EnableInt                            0x00000791   Thumb Code    38  adc.o(i.ADC_EnableInt)
    ADC_IRQHandler                           0x000007bd   Thumb Code    42  io_gpio.o(i.ADC_IRQHandler)
    ADC_Open                                 0x00000841   Thumb Code    22  adc.o(i.ADC_Open)
    CLK_DisablePLL                           0x00000861   Thumb Code    12  clk.o(i.CLK_DisablePLL)
    CLK_EnableModuleClock                    0x00000871   Thumb Code    40  clk.o(i.CLK_EnableModuleClock)
    CLK_EnablePLL                            0x000008a1   Thumb Code   350  clk.o(i.CLK_EnablePLL)
    CLK_EnableXtalRC                         0x00000a39   Thumb Code    10  clk.o(i.CLK_EnableXtalRC)
    CLK_GetPCLK0Freq                         0x00000a49   Thumb Code    22  clk.o(i.CLK_GetPCLK0Freq)
    CLK_GetPCLK1Freq                         0x00000a69   Thumb Code    22  clk.o(i.CLK_GetPCLK1Freq)
    CLK_SetCoreClock                         0x00000a89   Thumb Code   114  clk.o(i.CLK_SetCoreClock)
    CLK_SetHCLK                              0x00000b09   Thumb Code    72  clk.o(i.CLK_SetHCLK)
    CLK_SetModuleClock                       0x00000b55   Thumb Code   106  clk.o(i.CLK_SetModuleClock)
    CLK_SetSysTickClockSrc                   0x00000bc9   Thumb Code    14  clk.o(i.CLK_SetSysTickClockSrc)
    CLK_WaitClockReady                       0x00000bdd   Thumb Code    34  clk.o(i.CLK_WaitClockReady)
    Cmd_Send2FourG                           0x00000c09   Thumb Code   116  drv_4g_model.o(i.Cmd_Send2FourG)
    Core_Int_Get                             0x00000c85   Thumb Code    10  core.o(i.Core_Int_Get)
    Core_Int_Restore                         0x00000c99   Thumb Code    14  core.o(i.Core_Int_Restore)
    Core_Int_Store                           0x00000cb1   Thumb Code    14  core.o(i.Core_Int_Store)
    Core_Msg_Get                             0x00000cc5   Thumb Code    92  core_msg.o(i.Core_Msg_Get)
    Core_Msg_Init                            0x00000d29   Thumb Code    42  core_msg.o(i.Core_Msg_Init)
    Core_Msg_Send                            0x00000d5d   Thumb Code    74  core_msg.o(i.Core_Msg_Send)
    Debug_Uart_Init                          0x00000db1   Thumb Code    24  io_uart.o(i.Debug_Uart_Init)
    Drv_4GMoudle_PowerUp                     0x00000de1   Thumb Code    12  drv_4g_model.o(i.Drv_4GMoudle_PowerUp)
    Drv_Dap_init                             0x00000df1   Thumb Code    30  drv_audio.o(i.Drv_Dap_init)
    Drv_Dap_vol_set                          0x00000e19   Thumb Code    16  drv_audio.o(i.Drv_Dap_vol_set)
    Drv_FourG_Gpio_Init                      0x00000e29   Thumb Code    66  drv_4g_model.o(i.Drv_FourG_Gpio_Init)
    Drv_IrKey_init                           0x00000e79   Thumb Code    40  drv_ irkey.o(i.Drv_IrKey_init)
    Drv_audio_init                           0x00000ea9   Thumb Code    24  drv_audio.o(i.Drv_audio_init)
    Drv_audio_powerdown                      0x00000ec5   Thumb Code    18  drv_audio.o(i.Drv_audio_powerdown)
    GPCDEF_IRQHandler                        0x00000ed9   Thumb Code    98  drv_ irkey.o(i.GPCDEF_IRQHandler)
    GPIO_EnableInt                           0x00000f49   Thumb Code    26  gpio.o(i.GPIO_EnableInt)
    GPIO_SetMode                             0x00000f63   Thumb Code    40  gpio.o(i.GPIO_SetMode)
    GetIrKey                                 0x00000f8d   Thumb Code    44  drv_ irkey.o(i.GetIrKey)
    GetKeyEvent                              0x00000fdd   Thumb Code   264  drv_gpio_key.o(i.GetKeyEvent)
    Hal_I2c1_Transfer                        0x00001159   Thumb Code   114  io_i2c.o(i.Hal_I2c1_Transfer)
    Hal_I2c_Init                             0x000011d9   Thumb Code    98  io_i2c.o(i.Hal_I2c_Init)
    Hal_I2c_Transfer                         0x00001259   Thumb Code   114  io_i2c.o(i.Hal_I2c_Transfer)
    Hal_Timer1_Init                          0x000012d9   Thumb Code    96  hal_timer0.o(i.Hal_Timer1_Init)
    Hard_Fault_Handler                       0x0000134d   Thumb Code    16  retarget.o(i.Hard_Fault_Handler)
    HwKeyScanInit                            0x00001375   Thumb Code    20  drv_gpio_key.o(i.HwKeyScanInit)
    I2C0_IRQHandler                          0x0000138d   Thumb Code   354  io_i2c.o(i.I2C0_IRQHandler)
    I2C1_IRQHandler                          0x00001509   Thumb Code   358  io_i2c.o(i.I2C1_IRQHandler)
    I2C_ClearTimeoutFlag                     0x00001685   Thumb Code    10  i2c.o(i.I2C_ClearTimeoutFlag)
    I2C_DisableInt                           0x0000168f   Thumb Code    10  i2c.o(i.I2C_DisableInt)
    I2C_EnableInt                            0x00001699   Thumb Code    10  i2c.o(i.I2C_EnableInt)
    I2C_EnableTimeout                        0x000016a3   Thumb Code    26  i2c.o(i.I2C_EnableTimeout)
    I2C_GetData                              0x000016bd   Thumb Code     6  i2c.o(i.I2C_GetData)
    I2C_GetStatus                            0x000016c3   Thumb Code     4  i2c.o(i.I2C_GetStatus)
    I2C_Open                                 0x000016c9   Thumb Code    50  i2c.o(i.I2C_Open)
    I2C_SetData                              0x00001701   Thumb Code     4  i2c.o(i.I2C_SetData)
    I2C_Trigger                              0x00001705   Thumb Code    48  i2c.o(i.I2C_Trigger)
    IoKeyProcess                             0x00001735   Thumb Code    98  main.o(i.IoKeyProcess)
    Ircordpro                                0x000017e1   Thumb Code   158  drv_ irkey.o(i.Ircordpro)
    IsTimeOut                                0x00001899   Thumb Code    18  hal_timer0.o(i.IsTimeOut)
    PowerOff                                 0x00001939   Thumb Code    34  main.o(i.PowerOff)
    RTC_GetAlarmDateAndTime                  0x0000195d   Thumb Code   242  rtc.o(i.RTC_GetAlarmDateAndTime)
    RTC_GetDateAndTime                       0x00001a59   Thumb Code   230  rtc.o(i.RTC_GetDateAndTime)
    RTC_IRQHandler                           0x00001b49   Thumb Code    14  srv_rtc.o(i.RTC_IRQHandler)
    RTC_SetAlarmDate                         0x00001b5d   Thumb Code    66  rtc.o(i.RTC_SetAlarmDate)
    RTC_SetAlarmTime                         0x00001ba5   Thumb Code    90  rtc.o(i.RTC_SetAlarmTime)
    RTC_SetDate                              0x00001c05   Thumb Code    74  rtc.o(i.RTC_SetDate)
    RTC_SetTime                              0x00001c55   Thumb Code    90  rtc.o(i.RTC_SetTime)
    SYS_BusInit                              0x00001cd5   Thumb Code    20  main.o(i.SYS_BusInit)
    SYS_Clock_init                           0x00001ce9   Thumb Code   170  main.o(i.SYS_Clock_init)
    SYS_Init                                 0x00001db5   Thumb Code    64  main.o(i.SYS_Init)
    SYS_ResetModule                          0x00001df9   Thumb Code    26  sys.o(i.SYS_ResetModule)
    SYS_Status                               0x00001e15   Thumb Code    48  main.o(i.SYS_Status)
    SendChar_ToUART                          0x00001e55   Thumb Code    26  retarget.o(i.SendChar_ToUART)
    SysIdle                                  0x00001e75   Thumb Code    40  main.o(i.SysIdle)
    SystemCoreClockUpdate                    0x00001ea5   Thumb Code   116  system_nuc029xge.o(i.SystemCoreClockUpdate)
    SystemInit                               0x00001f35   Thumb Code     2  system_nuc029xge.o(i.SystemInit)
    TIMER_Delay                              0x00001f39   Thumb Code   170  timer.o(i.TIMER_Delay)
    TIMER_GetModuleClock                     0x00001ffd   Thumb Code    80  timer.o(i.TIMER_GetModuleClock)
    TIMER_Open                               0x00002065   Thumb Code    88  timer.o(i.TIMER_Open)
    TMR1_IRQHandler                          0x000020c9   Thumb Code    42  hal_timer0.o(i.TMR1_IRQHandler)
    TYM_DriverInit                           0x00002105   Thumb Code    12  main.o(i.TYM_DriverInit)
    TYM_drv_BQ24610_charge_current_Set       0x00002111   Thumb Code    20  drv_power.o(i.TYM_drv_BQ24610_charge_current_Set)
    TYM_drv_In_bat_status_updata             0x0000212d   Thumb Code    90  drv_power.o(i.TYM_drv_In_bat_status_updata)
    TYM_drv_SysPower_init                    0x00002191   Thumb Code    42  drv_power.o(i.TYM_drv_SysPower_init)
    TYM_drv_ac_status_updata                 0x000021c1   Thumb Code    40  drv_power.o(i.TYM_drv_ac_status_updata)
    TYM_drv_ex_bat_status_updata             0x000021f1   Thumb Code    82  drv_power.o(i.TYM_drv_ex_bat_status_updata)
    TYM_drv_powerkeepon                      0x00002249   Thumb Code    12  drv_power.o(i.TYM_drv_powerkeepon)
    TYM_gpio_adc_get                         0x00002259   Thumb Code   142  io_gpio.o(i.TYM_gpio_adc_get)
    TYM_gpio_init                            0x000022f1   Thumb Code    54  io_gpio.o(i.TYM_gpio_init)
    TYM_power_gpio_init                      0x00002339   Thumb Code   124  drv_power.o(i.TYM_power_gpio_init)
    TYM_sys_PowerManger_init                 0x000023b9   Thumb Code    24  drv_power.o(i.TYM_sys_PowerManger_init)
    TimeOutSet                               0x000023d5   Thumb Code    14  hal_timer0.o(i.TimeOutSet)
    Transfer_Uart_Init                       0x000023e9   Thumb Code    52  io_uart.o(i.Transfer_Uart_Init)
    UART02_IRQHandler                        0x00002469   Thumb Code     8  io_uart.o(i.UART02_IRQHandler)
    UART0_Init                               0x00002471   Thumb Code    32  io_uart.o(i.UART0_Init)
    UART1_IRQHandler                         0x00002499   Thumb Code     8  io_uart.o(i.UART1_IRQHandler)
    UART1_Init                               0x000024a1   Thumb Code    32  io_uart.o(i.UART1_Init)
    UART2_Init                               0x000024c9   Thumb Code    50  io_uart.o(i.UART2_Init)
    UART_4G_HANDLE                           0x00002509   Thumb Code   142  io_uart.o(i.UART_4G_HANDLE)
    UART_ClearIntFlag                        0x000025a1   Thumb Code    50  uart_1.o(i.UART_ClearIntFlag)
    UART_EnableInt                           0x000025d9   Thumb Code    36  uart_1.o(i.UART_EnableInt)
    UART_TEST_HANDLE                         0x00002609   Thumb Code   120  io_uart.o(i.UART_TEST_HANDLE)
    USCI0_Init                               0x00002699   Thumb Code    66  io_usci_uart.o(i.USCI0_Init)
    USCI_IRQHandler                          0x000026e9   Thumb Code     8  io_usci_uart.o(i.USCI_IRQHandler)
    USCI_UART_FunctionTest                   0x000026f1   Thumb Code    62  io_usci_uart.o(i.USCI_UART_FunctionTest)
    USCI_UART_TEST_HANDLE                    0x00002879   Thumb Code   136  io_usci_uart.o(i.USCI_UART_TEST_HANDLE)
    USCI_Uart_Init                           0x00002909   Thumb Code    30  io_usci_uart.o(i.USCI_Uart_Init)
    UUART_Open                               0x00002959   Thumb Code   290  usci_uart_1.o(i.UUART_Open)
    __ARM_common_switch8                     0x00002a89   Thumb Code    26  io_i2c.o(i.__ARM_common_switch8)
    _is_digit                                0x00002aa3   Thumb Code    14  __printf_wp.o(i._is_digit)
    drv_4G_led_on                            0x00002ab1   Thumb Code    32  drv_led.o(i.drv_4G_led_on)
    drv_5825_Init                            0x00002b99   Thumb Code    42  drv_dap_tas5825.o(i.drv_5825_Init)
    drv_5825_amp_fault_det_init              0x00002c2d   Thumb Code    14  drv_dap_tas5825.o(i.drv_5825_amp_fault_det_init)
    drv_5825_amp_warn_det_init               0x00002c41   Thumb Code    16  drv_dap_tas5825.o(i.drv_5825_amp_warn_det_init)
    drv_5825_gpio012_config                  0x00002c55   Thumb Code    54  drv_dap_tas5825.o(i.drv_5825_gpio012_config)
    drv_5825_mute_pin_init                   0x00002c91   Thumb Code    20  drv_dap_tas5825.o(i.drv_5825_mute_pin_init)
    drv_5825_mute_pin_set                    0x00002ca9   Thumb Code    12  drv_dap_tas5825.o(i.drv_5825_mute_pin_set)
    drv_5825_powerdown_pin_init              0x00002cb9   Thumb Code    10  drv_dap_tas5825.o(i.drv_5825_powerdown_pin_init)
    drv_5825_powerdown_pin_set               0x00002cc5   Thumb Code    30  drv_dap_tas5825.o(i.drv_5825_powerdown_pin_set)
    drv_5825_vol_set                         0x00002ced   Thumb Code    98  drv_dap_tas5825.o(i.drv_5825_vol_set)
    drv_Adc_pcm1862_Init                     0x00002d59   Thumb Code    48  drv_adc_pcm1862.o(i.drv_Adc_pcm1862_Init)
    drv_Cmd_Send2NCU031                      0x00002da1   Thumb Code   116  drv_nuc031.o(i.drv_Cmd_Send2NCU031)
    drv_FM_on_NCU031_reset                   0x00002e1d   Thumb Code    46  drv_nuc031.o(i.drv_FM_on_NCU031_reset)
    drv_FourGmodel_power_key_SetHi           0x00002e59   Thumb Code     8  drv_4g_model.o(i.drv_FourGmodel_power_key_SetHi)
    drv_FourGmodel_power_key_SetLow          0x00002e65   Thumb Code     8  drv_4g_model.o(i.drv_FourGmodel_power_key_SetLow)
    drv_all_led_on                           0x00002e71   Thumb Code    34  drv_led.o(i.drv_all_led_on)
    drv_audio_4G_Channel                     0x00002e9d   Thumb Code    10  drv_audio.o(i.drv_audio_4G_Channel)
    drv_audio_AuxIn_Channel                  0x00002ea7   Thumb Code    10  drv_audio.o(i.drv_audio_AuxIn_Channel)
    drv_audio_FM_Channel                     0x00002eb1   Thumb Code    10  drv_audio.o(i.drv_audio_FM_Channel)
    drv_aux_led_on                           0x00002ebd   Thumb Code    24  drv_led.o(i.drv_aux_led_on)
    drv_bt_led_on                            0x00002edd   Thumb Code    32  drv_led.o(i.drv_bt_led_on)
    drv_dap_3251_Init                        0x00002f05   Thumb Code    58  drv_dap_tas3251.o(i.drv_dap_3251_Init)
    drv_dap_3251_rest                        0x00002ff5   Thumb Code    32  drv_dap_tas3251.o(i.drv_dap_3251_rest)
    drv_dap_3251_vol_set                     0x00003025   Thumb Code    70  drv_dap_tas3251.o(i.drv_dap_3251_vol_set)
    drv_err_led_on                           0x00003079   Thumb Code    16  drv_led.o(i.drv_err_led_on)
    drv_fm_led_on                            0x0000308d   Thumb Code    24  drv_led.o(i.drv_fm_led_on)
    drv_gipo_key_init                        0x000030ad   Thumb Code    30  drv_gpio_key.o(i.drv_gipo_key_init)
    drv_led_init                             0x000030d1   Thumb Code   124  drv_led.o(i.drv_led_init)
    drv_pairing_cmd_send                     0x00003159   Thumb Code    14  drv_4g_model.o(i.drv_pairing_cmd_send)
    drv_pcm1862_input_channel                0x00003169   Thumb Code    72  drv_adc_pcm1862.o(i.drv_pcm1862_input_channel)
    drv_power_status_updata                  0x00003201   Thumb Code    24  drv_power.o(i.drv_power_status_updata)
    drv_wifi_4g_switch_cmd_send              0x00003219   Thumb Code    14  drv_4g_model.o(i.drv_wifi_4g_switch_cmd_send)
    drv_wifi_led_on                          0x00003229   Thumb Code    32  drv_led.o(i.drv_wifi_led_on)
    ferror                                   0x00003251   Thumb Code     6  retarget.o(i.ferror)
    fputc                                    0x00003257   Thumb Code    12  retarget.o(i.fputc)
    main                                     0x00003265   Thumb Code  1462  main.o(i.main)
    srv_audio_channel_check                  0x0000381d   Thumb Code    42  srv_audio.o(i.srv_audio_channel_check)
    srv_audio_channel_switch                 0x00003851   Thumb Code    52  srv_audio.o(i.srv_audio_channel_switch)
    srv_audio_handler                        0x00003889   Thumb Code     8  srv_audio.o(i.srv_audio_handler)
    srv_bat_charge_handler                   0x00003891   Thumb Code   126  srv_battery.o(i.srv_bat_charge_handler)
    srv_key_eq_switch_handler                0x0000391d   Thumb Code    16  srv_key.o(i.srv_key_eq_switch_handler)
    srv_key_handler                          0x0000392d   Thumb Code   136  srv_key.o(i.srv_key_handler)
    srv_key_mode_handler                     0x000039b9   Thumb Code   114  srv_key.o(i.srv_key_mode_handler)
    srv_key_net_config_handler               0x00003a31   Thumb Code    16  srv_key.o(i.srv_key_net_config_handler)
    srv_key_next_song_handler                0x00003a41   Thumb Code    16  srv_key.o(i.srv_key_next_song_handler)
    srv_key_next_station_handler             0x00003a51   Thumb Code    16  srv_key.o(i.srv_key_next_station_handler)
    srv_key_play_pause_handler               0x00003a61   Thumb Code    16  srv_key.o(i.srv_key_play_pause_handler)
    srv_key_prev_song_handler                0x00003a71   Thumb Code    16  srv_key.o(i.srv_key_prev_song_handler)
    srv_key_prev_station_handler             0x00003a81   Thumb Code    16  srv_key.o(i.srv_key_prev_station_handler)
    srv_key_volume_down_handler              0x00003a91   Thumb Code    16  srv_key.o(i.srv_key_volume_down_handler)
    srv_key_volume_up_handler                0x00003aa1   Thumb Code    16  srv_key.o(i.srv_key_volume_up_handler)
    srv_led_change_handler                   0x00003ab1   Thumb Code    16  srv_led.o(i.srv_led_change_handler)
    srv_led_status_show                      0x00003ac5   Thumb Code   144  srv_led.o(i.srv_led_status_show)
    srv_led_sys_initing                      0x00003b5d   Thumb Code    74  srv_led.o(i.srv_led_sys_initing)
    srv_rtc_alarm_get                        0x00003bad   Thumb Code    76  srv_rtc.o(i.srv_rtc_alarm_get)
    srv_rtc_alarm_set_dw                     0x00003bf9   Thumb Code    48  srv_rtc.o(i.srv_rtc_alarm_set_dw)
    srv_rtc_alarm_set_hm                     0x00003c49   Thumb Code    56  srv_rtc.o(i.srv_rtc_alarm_set_hm)
    srv_rtc_alarm_set_st                     0x00003ca1   Thumb Code    60  srv_rtc.o(i.srv_rtc_alarm_set_st)
    srv_rtc_alarm_set_ym                     0x00003cfd   Thumb Code    54  srv_rtc.o(i.srv_rtc_alarm_set_ym)
    srv_rtc_get                              0x00003d55   Thumb Code    76  srv_rtc.o(i.srv_rtc_get)
    srv_rtc_set_dw                           0x00003da1   Thumb Code    50  srv_rtc.o(i.srv_rtc_set_dw)
    srv_rtc_set_hm                           0x00003df5   Thumb Code    56  srv_rtc.o(i.srv_rtc_set_hm)
    srv_rtc_set_st                           0x00003e4d   Thumb Code    60  srv_rtc.o(i.srv_rtc_set_st)
    srv_rtc_set_ym                           0x00003ea9   Thumb Code    60  srv_rtc.o(i.srv_rtc_set_ym)
    gau32ClkSrcTbl                           0x00003fac   Data          32  system_nuc029xge.o(.constdata)
    init_pcm1862_0x01                        0x00003fcc   Data           2  drv_adc_pcm1862.o(.constdata)
    init_pcm1862_0x02                        0x00003fce   Data           2  drv_adc_pcm1862.o(.constdata)
    init_pcm1862_0x03                        0x00003fd0   Data           2  drv_adc_pcm1862.o(.constdata)
    init_pcm1862_0x04                        0x00003fd2   Data           2  drv_adc_pcm1862.o(.constdata)
    init_pcm1862_0x20                        0x00003fd4   Data           2  drv_adc_pcm1862.o(.constdata)
    pcm1862_frequence                        0x00003fd6   Data           2  drv_adc_pcm1862.o(.constdata)
    tas3251_volume_page                      0x00004008   Data           6  drv_dap_tas3251.o(.constdata)
    tas3251_cmd_cfm                          0x000048e4   Data          14  drv_dap_tas3251.o(.constdata)
    tas5852_volume_page                      0x000048f2   Data           6  drv_dap_tas5825.o(.constdata)
    tas5825_book0_page0                      0x000048f8   Data           6  drv_dap_tas5825.o(.constdata)
    tas5825_gpio_012_confgi                  0x000048fe   Data           8  drv_dap_tas5825.o(.constdata)
    registers_mid                            0x00004906   Data        7874  drv_dap_tas5825.o(.constdata)
    registers_tw                             0x000067c8   Data        7874  drv_dap_tas5825.o(.constdata)
    Region$$Table$$Base                      0x00008724   Number         0  anon$$obj.o(Region$$Table)
    Region$$Table$$Limit                     0x00008744   Number         0  anon$$obj.o(Region$$Table)
    SystemCoreClock                          0x20000000   Data           4  system_nuc029xge.o(.data)
    CyclesPerUs                              0x20000004   Data           4  system_nuc029xge.o(.data)
    PllClock                                 0x20000008   Data           4  system_nuc029xge.o(.data)
    int_mask                                 0x2000000c   Data           4  core.o(.data)
    TestTimer                                0x20000018   Data           8  hal_timer0.o(.data)
    SysTimer_1s                              0x20000020   Data           8  hal_timer0.o(.data)
    ModulePowerUpPinTimer                    0x20000028   Data           8  hal_timer0.o(.data)
    LedKeyBlinkTimer                         0x20000030   Data           8  hal_timer0.o(.data)
    sys_err                                  0x20000038   Data           1  main.o(.data)
    volume                                   0x20000039   Data           1  main.o(.data)
    uart1_cmd                                0x2000003c   Data           1  io_uart.o(.data)
    uart1_dat                                0x2000003d   Data           1  io_uart.o(.data)
    uart_counts                              0x2000003e   Data           1  io_uart.o(.data)
    g_u32comRbytes                           0x20000040   Data           4  io_uart.o(.data)
    g_u32comRtail                            0x20000044   Data           4  io_uart.o(.data)
    g_bWait                                  0x20000048   Data           4  io_uart.o(.data)
    uuart0_cmd                               0x2000004c   Data           1  io_usci_uart.o(.data)
    uuart0_dat0                              0x2000004d   Data           1  io_usci_uart.o(.data)
    uuart0_dat1                              0x2000004e   Data           1  io_usci_uart.o(.data)
    pcm1862_channel_L                        0x20000050   Data           2  drv_adc_pcm1862.o(.data)
    pcm1862_channel_R                        0x20000052   Data           2  drv_adc_pcm1862.o(.data)
    pcm1862_PGA_VAL_CH1_L                    0x20000054   Data           2  drv_adc_pcm1862.o(.data)
    pcm1862_PGA_VAL_CH1_R                    0x20000056   Data           2  drv_adc_pcm1862.o(.data)
    tas3251_44volume                         0x20000058   Data          85  drv_dap_tas3251.o(.data)
    tas3251_48volume                         0x200000ad   Data          85  drv_dap_tas3251.o(.data)
    tas5825_volume0c                         0x20000102   Data          85  drv_dap_tas5825.o(.data)
    tas5825_volume10                         0x20000157   Data          85  drv_dap_tas5825.o(.data)
    DecodeStartFlag                          0x200001ac   Data           1  drv_ irkey.o(.data)
    DecodeFinishFlag                         0x200001ad   Data           1  drv_ irkey.o(.data)
    ir_data_rx_ok                            0x200001ae   Data           1  drv_ irkey.o(.data)
    LongKeyPress                             0x200001af   Data           1  drv_ irkey.o(.data)
    IrTimerCount                             0x200001b4   Data           4  drv_ irkey.o(.data)
    ir_code                                  0x200001b8   Data           4  drv_ irkey.o(.data)
    IoKeyInputmessage                        0x200001f0   Data           1  drv_gpio_key.o(.data)
    SoftwareKeyState                         0x200001f2   Data           1  drv_gpio_key.o(.data)
    SoftwareKeyWaitTimer                     0x200001f4   Data           8  drv_gpio_key.o(.data)
    SoftwareKeyScanTimer                     0x200001fc   Data           8  drv_gpio_key.o(.data)
    __stdout                                 0x20000204   Data           4  retarget.o(.data)
    bac_bat_stat                             0x20000238   Data           1  srv_battery.o(.data)
    bac_bat_val                              0x20000239   Data           1  srv_battery.o(.data)
    audio_channel                            0x20000240   Data           4  srv_audio.o(.data)
    audio_channel_bak                        0x20000244   Data           4  srv_audio.o(.data)
    g_u8RecData                              0x20000460   Data        1024  io_uart.o(.bss)
    uart2_get_data                           0x20000860   Data         150  io_uart.o(.bss)
    ir_data                                  0x200009d2   Data          33  drv_ irkey.o(.bss)
    Global_datas                             0x200009f4   Data          48  tym_global.o(.bss)
    __libspace_start                         0x20000a24   Data          96  libspace.o(.bss)
    __temporary_stack_top$libspace           0x20000a84   Data           0  libspace.o(.bss)



==============================================================================

Memory Map of the image

  Image Entry point : 0x000001d1

  Load Region LR_1 (Base: 0x00000000, Size: 0x0000898c, Max: 0xffffffff, ABSOLUTE)

    Execution Region ER_RO (Base: 0x00000000, Size: 0x00008744, Max: 0xffffffff, ABSOLUTE)

    Base Addr    Size         Type   Attr      Idx    E Section Name        Object

    0x00000000   0x000000c0   Data   RO          137    RESET               startup_nuc029xge.o
    0x000000c0   0x00000008   Code   RO         2746  * !!!main             c_p.l(__main.o)
    0x000000c8   0x0000003c   Code   RO         2934    !!!scatter          c_p.l(__scatter.o)
    0x00000104   0x0000001a   Code   RO         2936    !!handler_copy      c_p.l(__scatter_copy.o)
    0x0000011e   0x00000002   PAD
    0x00000120   0x0000001c   Code   RO         2938    !!handler_zi        c_p.l(__scatter_zi.o)
    0x0000013c   0x00000002   Code   RO         2735    .ARM.Collect$$_printf_percent$$00000000  c_p.l(_printf_percent.o)
    0x0000013e   0x0000000a   Code   RO         2734    .ARM.Collect$$_printf_percent$$00000009  c_p.l(_printf_d.o)
    0x00000148   0x0000000a   Code   RO         2733    .ARM.Collect$$_printf_percent$$0000000C  c_p.l(_printf_x.o)
    0x00000152   0x00000004   Code   RO         2766    .ARM.Collect$$_printf_percent$$00000017  c_p.l(_printf_percent_end.o)
    0x00000156   0x00000002   Code   RO         2805    .ARM.Collect$$libinit$$00000000  c_p.l(libinit.o)
    0x00000158   0x00000000   Code   RO         2819    .ARM.Collect$$libinit$$00000002  c_p.l(libinit2.o)
    0x00000158   0x00000000   Code   RO         2821    .ARM.Collect$$libinit$$00000004  c_p.l(libinit2.o)
    0x00000158   0x00000000   Code   RO         2824    .ARM.Collect$$libinit$$0000000A  c_p.l(libinit2.o)
    0x00000158   0x00000000   Code   RO         2826    .ARM.Collect$$libinit$$0000000C  c_p.l(libinit2.o)
    0x00000158   0x00000000   Code   RO         2828    .ARM.Collect$$libinit$$0000000E  c_p.l(libinit2.o)
    0x00000158   0x00000000   Code   RO         2831    .ARM.Collect$$libinit$$00000011  c_p.l(libinit2.o)
    0x00000158   0x00000000   Code   RO         2833    .ARM.Collect$$libinit$$00000013  c_p.l(libinit2.o)
    0x00000158   0x00000000   Code   RO         2835    .ARM.Collect$$libinit$$00000015  c_p.l(libinit2.o)
    0x00000158   0x00000000   Code   RO         2837    .ARM.Collect$$libinit$$00000017  c_p.l(libinit2.o)
    0x00000158   0x00000000   Code   RO         2839    .ARM.Collect$$libinit$$00000019  c_p.l(libinit2.o)
    0x00000158   0x00000000   Code   RO         2841    .ARM.Collect$$libinit$$0000001B  c_p.l(libinit2.o)
    0x00000158   0x00000000   Code   RO         2843    .ARM.Collect$$libinit$$0000001D  c_p.l(libinit2.o)
    0x00000158   0x00000000   Code   RO         2845    .ARM.Collect$$libinit$$0000001F  c_p.l(libinit2.o)
    0x00000158   0x00000000   Code   RO         2847    .ARM.Collect$$libinit$$00000021  c_p.l(libinit2.o)
    0x00000158   0x00000000   Code   RO         2849    .ARM.Collect$$libinit$$00000023  c_p.l(libinit2.o)
    0x00000158   0x00000000   Code   RO         2851    .ARM.Collect$$libinit$$00000025  c_p.l(libinit2.o)
    0x00000158   0x00000000   Code   RO         2855    .ARM.Collect$$libinit$$0000002C  c_p.l(libinit2.o)
    0x00000158   0x00000000   Code   RO         2857    .ARM.Collect$$libinit$$0000002E  c_p.l(libinit2.o)
    0x00000158   0x00000000   Code   RO         2859    .ARM.Collect$$libinit$$00000030  c_p.l(libinit2.o)
    0x00000158   0x00000000   Code   RO         2861    .ARM.Collect$$libinit$$00000032  c_p.l(libinit2.o)
    0x00000158   0x00000002   Code   RO         2862    .ARM.Collect$$libinit$$00000033  c_p.l(libinit2.o)
    0x0000015a   0x00000002   Code   RO         2891    .ARM.Collect$$libshutdown$$00000000  c_p.l(libshutdown.o)
    0x0000015c   0x00000000   Code   RO         2917    .ARM.Collect$$libshutdown$$00000002  c_p.l(libshutdown2.o)
    0x0000015c   0x00000000   Code   RO         2919    .ARM.Collect$$libshutdown$$00000004  c_p.l(libshutdown2.o)
    0x0000015c   0x00000000   Code   RO         2922    .ARM.Collect$$libshutdown$$00000007  c_p.l(libshutdown2.o)
    0x0000015c   0x00000000   Code   RO         2925    .ARM.Collect$$libshutdown$$0000000A  c_p.l(libshutdown2.o)
    0x0000015c   0x00000000   Code   RO         2927    .ARM.Collect$$libshutdown$$0000000C  c_p.l(libshutdown2.o)
    0x0000015c   0x00000000   Code   RO         2930    .ARM.Collect$$libshutdown$$0000000F  c_p.l(libshutdown2.o)
    0x0000015c   0x00000002   Code   RO         2931    .ARM.Collect$$libshutdown$$00000010  c_p.l(libshutdown2.o)
    0x0000015e   0x00000000   Code   RO         2757    .ARM.Collect$$rtentry$$00000000  c_p.l(__rtentry.o)
    0x0000015e   0x00000000   Code   RO         2771    .ARM.Collect$$rtentry$$00000002  c_p.l(__rtentry2.o)
    0x0000015e   0x00000006   Code   RO         2783    .ARM.Collect$$rtentry$$00000004  c_p.l(__rtentry4.o)
    0x00000164   0x00000000   Code   RO         2773    .ARM.Collect$$rtentry$$00000009  c_p.l(__rtentry2.o)
    0x00000164   0x00000004   Code   RO         2774    .ARM.Collect$$rtentry$$0000000A  c_p.l(__rtentry2.o)
    0x00000168   0x00000000   Code   RO         2776    .ARM.Collect$$rtentry$$0000000C  c_p.l(__rtentry2.o)
    0x00000168   0x00000008   Code   RO         2777    .ARM.Collect$$rtentry$$0000000D  c_p.l(__rtentry2.o)
    0x00000170   0x00000002   Code   RO         2810    .ARM.Collect$$rtexit$$00000000  c_p.l(rtexit.o)
    0x00000172   0x00000000   Code   RO         2866    .ARM.Collect$$rtexit$$00000002  c_p.l(rtexit2.o)
    0x00000172   0x00000004   Code   RO         2867    .ARM.Collect$$rtexit$$00000003  c_p.l(rtexit2.o)
    0x00000176   0x00000006   Code   RO         2868    .ARM.Collect$$rtexit$$00000004  c_p.l(rtexit2.o)
    0x0000017c   0x0000001c   Code   RO         1373    .emb_text           retarget.o
    0x00000198   0x00000038   Code   RO         2736    .emb_text           c_p.l(rt_memcpy.o)
    0x000001d0   0x00000034   Code   RO          138  * .text               startup_nuc029xge.o
    0x00000204   0x0000001c   Code   RO         2684    .text               c_p.l(noretval__2printf.o)
    0x00000220   0x0000004e   Code   RO         2688    .text               c_p.l(_printf_pad.o)
    0x0000026e   0x00000002   PAD
    0x00000270   0x0000006c   Code   RO         2690    .text               c_p.l(_printf_dec.o)
    0x000002dc   0x00000058   Code   RO         2695    .text               c_p.l(_printf_hex_int.o)
    0x00000334   0x00000138   Code   RO         2725    .text               c_p.l(__printf_flags_wp.o)
    0x0000046c   0x0000015a   Code   RO         2740    .text               c_p.l(aeabi_sdiv.o)
    0x000005c6   0x00000006   Code   RO         2744    .text               c_p.l(heapauxi.o)
    0x000005cc   0x000000b0   Code   RO         2762    .text               c_p.l(_printf_intcommon.o)
    0x0000067c   0x00000028   Code   RO         2764    .text               c_p.l(_printf_char_file.o)
    0x000006a4   0x00000028   Code   RO         2767    .text               c_p.l(rtudiv10.o)
    0x000006cc   0x00000030   Code   RO         2787    .text               c_p.l(_printf_char_common.o)
    0x000006fc   0x0000003e   Code   RO         2789    .text               c_p.l(sys_stackheap_outer.o)
    0x0000073a   0x00000010   Code   RO         2794    .text               c_p.l(exit.o)
    0x0000074a   0x00000002   PAD
    0x0000074c   0x00000008   Code   RO         2806    .text               c_p.l(libspace.o)
    0x00000754   0x0000000c   Code   RO         2863    .text               c_p.l(sys_exit.o)
    0x00000760   0x00000002   Code   RO         2880    .text               c_p.l(use_no_semi.o)
    0x00000762   0x00000000   Code   RO         2882    .text               c_p.l(indicate_semi.o)
    0x00000762   0x00000002   PAD
    0x00000764   0x0000002c   Code   RO         2047    i.ADC_DisableInt    adc.o
    0x00000790   0x0000002c   Code   RO         2049    i.ADC_EnableInt     adc.o
    0x000007bc   0x00000084   Code   RO          433    i.ADC_IRQHandler    io_gpio.o
    0x00000840   0x00000020   Code   RO         2050    i.ADC_Open          adc.o
    0x00000860   0x00000010   Code   RO         1559    i.CLK_DisablePLL    clk.o
    0x00000870   0x00000030   Code   RO         1563    i.CLK_EnableModuleClock  clk.o
    0x000008a0   0x00000198   Code   RO         1564    i.CLK_EnablePLL     clk.o
    0x00000a38   0x00000010   Code   RO         1566    i.CLK_EnableXtalRC  clk.o
    0x00000a48   0x00000020   Code   RO         1571    i.CLK_GetPCLK0Freq  clk.o
    0x00000a68   0x00000020   Code   RO         1572    i.CLK_GetPCLK1Freq  clk.o
    0x00000a88   0x00000080   Code   RO         1575    i.CLK_SetCoreClock  clk.o
    0x00000b08   0x0000004c   Code   RO         1576    i.CLK_SetHCLK       clk.o
    0x00000b54   0x00000074   Code   RO         1577    i.CLK_SetModuleClock  clk.o
    0x00000bc8   0x00000014   Code   RO         1578    i.CLK_SetSysTickClockSrc  clk.o
    0x00000bdc   0x0000002c   Code   RO         1579    i.CLK_WaitClockReady  clk.o
    0x00000c08   0x0000007c   Code   RO          773    i.Cmd_Send2FourG    drv_4g_model.o
    0x00000c84   0x00000014   Code   RO          145    i.Core_Int_Get      core.o
    0x00000c98   0x00000018   Code   RO          146    i.Core_Int_Restore  core.o
    0x00000cb0   0x00000014   Code   RO          147    i.Core_Int_Store    core.o
    0x00000cc4   0x00000064   Code   RO          199    i.Core_Msg_Get      core_msg.o
    0x00000d28   0x00000034   Code   RO          200    i.Core_Msg_Init     core_msg.o
    0x00000d5c   0x00000054   Code   RO          201    i.Core_Msg_Send     core_msg.o
    0x00000db0   0x00000030   Code   RO          538    i.Debug_Uart_Init   io_uart.o
    0x00000de0   0x00000010   Code   RO          774    i.Drv_4GMoudle_PowerUp  drv_4g_model.o
    0x00000df0   0x00000028   Code   RO         1047    i.Drv_Dap_init      drv_audio.o
    0x00000e18   0x00000010   Code   RO         1049    i.Drv_Dap_vol_set   drv_audio.o
    0x00000e28   0x00000050   Code   RO          775    i.Drv_FourG_Gpio_Init  drv_4g_model.o
    0x00000e78   0x00000030   Code   RO         1290    i.Drv_IrKey_init    drv_ irkey.o
    0x00000ea8   0x0000001c   Code   RO         1051    i.Drv_audio_init    drv_audio.o
    0x00000ec4   0x00000012   Code   RO         1052    i.Drv_audio_powerdown  drv_audio.o
    0x00000ed6   0x00000002   PAD
    0x00000ed8   0x00000070   Code   RO         1291    i.GPCDEF_IRQHandler  drv_ irkey.o
    0x00000f48   0x0000001a   Code   RO         2014    i.GPIO_EnableInt    gpio.o
    0x00000f62   0x00000028   Code   RO         2015    i.GPIO_SetMode      gpio.o
    0x00000f8a   0x00000002   PAD
    0x00000f8c   0x00000050   Code   RO         1292    i.GetIrKey          drv_ irkey.o
    0x00000fdc   0x0000011c   Code   RO         1335    i.GetKeyEvent       drv_gpio_key.o
    0x000010f8   0x00000030   Code   RO          472    i.Hal_I2c0_Stop     io_i2c.o
    0x00001128   0x00000030   Code   RO          473    i.Hal_I2c1_Stop     io_i2c.o
    0x00001158   0x00000080   Code   RO          474    i.Hal_I2c1_Transfer  io_i2c.o
    0x000011d8   0x00000080   Code   RO          475    i.Hal_I2c_Init      io_i2c.o
    0x00001258   0x00000080   Code   RO          476    i.Hal_I2c_Transfer  io_i2c.o
    0x000012d8   0x00000074   Code   RO          243    i.Hal_Timer1_Init   hal_timer0.o
    0x0000134c   0x00000028   Code   RO         1375    i.Hard_Fault_Handler  retarget.o
    0x00001374   0x00000018   Code   RO         1336    i.HwKeyScanInit     drv_gpio_key.o
    0x0000138c   0x0000017c   Code   RO          477    i.I2C0_IRQHandler   io_i2c.o
    0x00001508   0x0000017c   Code   RO          478    i.I2C1_IRQHandler   io_i2c.o
    0x00001684   0x0000000a   Code   RO         1819    i.I2C_ClearTimeoutFlag  i2c.o
    0x0000168e   0x0000000a   Code   RO         1821    i.I2C_DisableInt    i2c.o
    0x00001698   0x0000000a   Code   RO         1824    i.I2C_EnableInt     i2c.o
    0x000016a2   0x0000001a   Code   RO         1825    i.I2C_EnableTimeout  i2c.o
    0x000016bc   0x00000006   Code   RO         1828    i.I2C_GetData       i2c.o
    0x000016c2   0x00000004   Code   RO         1830    i.I2C_GetStatus     i2c.o
    0x000016c6   0x00000002   PAD
    0x000016c8   0x00000038   Code   RO         1831    i.I2C_Open          i2c.o
    0x00001700   0x00000004   Code   RO         1839    i.I2C_SetData       i2c.o
    0x00001704   0x00000030   Code   RO         1842    i.I2C_Trigger       i2c.o
    0x00001734   0x000000ac   Code   RO          315    i.IoKeyProcess      main.o
    0x000017e0   0x000000b8   Code   RO         1293    i.Ircordpro         drv_ irkey.o
    0x00001898   0x00000018   Code   RO          244    i.IsTimeOut         hal_timer0.o
    0x000018b0   0x00000044   Code   RO          245    i.NVIC_SetPriority  hal_timer0.o
    0x000018f4   0x00000044   Code   RO          479    i.NVIC_SetPriority  io_i2c.o
    0x00001938   0x00000022   Code   RO          316    i.PowerOff          main.o
    0x0000195a   0x00000002   PAD
    0x0000195c   0x000000fc   Code   RO         2278    i.RTC_GetAlarmDateAndTime  rtc.o
    0x00001a58   0x000000f0   Code   RO         2279    i.RTC_GetDateAndTime  rtc.o
    0x00001b48   0x00000014   Code   RO         2513    i.RTC_IRQHandler    srv_rtc.o
    0x00001b5c   0x00000048   Code   RO         2282    i.RTC_SetAlarmDate  rtc.o
    0x00001ba4   0x00000060   Code   RO         2285    i.RTC_SetAlarmTime  rtc.o
    0x00001c04   0x00000050   Code   RO         2287    i.RTC_SetDate       rtc.o
    0x00001c54   0x00000060   Code   RO         2290    i.RTC_SetTime       rtc.o
    0x00001cb4   0x00000020   Code   RO         2291    i.RTC_WaitAccessEnable  rtc.o
    0x00001cd4   0x00000014   Code   RO          317    i.SYS_BusInit       main.o
    0x00001ce8   0x000000cc   Code   RO          318    i.SYS_Clock_init    main.o
    0x00001db4   0x00000044   Code   RO          319    i.SYS_Init          main.o
    0x00001df8   0x0000001a   Code   RO         1471    i.SYS_ResetModule   sys.o
    0x00001e12   0x00000002   PAD
    0x00001e14   0x00000040   Code   RO          320    i.SYS_Status        main.o
    0x00001e54   0x00000020   Code   RO         1378    i.SendChar_ToUART   retarget.o
    0x00001e74   0x00000030   Code   RO          321    i.SysIdle           main.o
    0x00001ea4   0x00000090   Code   RO            3    i.SystemCoreClockUpdate  system_nuc029xge.o
    0x00001f34   0x00000002   Code   RO            4    i.SystemInit        system_nuc029xge.o
    0x00001f36   0x00000002   PAD
    0x00001f38   0x000000c4   Code   RO         2188    i.TIMER_Delay       timer.o
    0x00001ffc   0x00000068   Code   RO         2195    i.TIMER_GetModuleClock  timer.o
    0x00002064   0x00000064   Code   RO         2196    i.TIMER_Open        timer.o
    0x000020c8   0x0000003c   Code   RO          246    i.TMR1_IRQHandler   hal_timer0.o
    0x00002104   0x0000000c   Code   RO          322    i.TYM_DriverInit    main.o
    0x00002110   0x0000001c   Code   RO          836    i.TYM_drv_BQ24610_charge_current_Set  drv_power.o
    0x0000212c   0x00000064   Code   RO          837    i.TYM_drv_In_bat_status_updata  drv_power.o
    0x00002190   0x00000030   Code   RO          838    i.TYM_drv_SysPower_init  drv_power.o
    0x000021c0   0x00000030   Code   RO          839    i.TYM_drv_ac_status_updata  drv_power.o
    0x000021f0   0x00000058   Code   RO          840    i.TYM_drv_ex_bat_status_updata  drv_power.o
    0x00002248   0x00000010   Code   RO          841    i.TYM_drv_powerkeepon  drv_power.o
    0x00002258   0x00000098   Code   RO          434    i.TYM_gpio_adc_get  io_gpio.o
    0x000022f0   0x00000048   Code   RO          435    i.TYM_gpio_init     io_gpio.o
    0x00002338   0x00000080   Code   RO          842    i.TYM_power_gpio_init  drv_power.o
    0x000023b8   0x0000001c   Code   RO          843    i.TYM_sys_PowerManger_init  drv_power.o
    0x000023d4   0x00000014   Code   RO          247    i.TimeOutSet        hal_timer0.o
    0x000023e8   0x00000080   Code   RO          541    i.Transfer_Uart_Init  io_uart.o
    0x00002468   0x00000008   Code   RO          542    i.UART02_IRQHandler  io_uart.o
    0x00002470   0x00000028   Code   RO          543    i.UART0_Init        io_uart.o
    0x00002498   0x00000008   Code   RO          544    i.UART1_IRQHandler  io_uart.o
    0x000024a0   0x00000028   Code   RO          545    i.UART1_Init        io_uart.o
    0x000024c8   0x00000040   Code   RO          546    i.UART2_Init        io_uart.o
    0x00002508   0x00000098   Code   RO          547    i.UART_4G_HANDLE    io_uart.o
    0x000025a0   0x00000038   Code   RO         1710    i.UART_ClearIntFlag  uart_1.o
    0x000025d8   0x00000030   Code   RO         1715    i.UART_EnableInt    uart_1.o
    0x00002608   0x00000090   Code   RO          548    i.UART_TEST_HANDLE  io_uart.o
    0x00002698   0x00000050   Code   RO          622    i.USCI0_Init        io_usci_uart.o
    0x000026e8   0x00000008   Code   RO          623    i.USCI_IRQHandler   io_usci_uart.o
    0x000026f0   0x00000188   Code   RO          624    i.USCI_UART_FunctionTest  io_usci_uart.o
    0x00002878   0x00000090   Code   RO          625    i.USCI_UART_TEST_HANDLE  io_usci_uart.o
    0x00002908   0x00000050   Code   RO          626    i.USCI_Uart_Init    io_usci_uart.o
    0x00002958   0x00000130   Code   RO         2104    i.UUART_Open        usci_uart_1.o
    0x00002a88   0x0000001a   Code   RO          528    i.__ARM_common_switch8  io_i2c.o
    0x00002aa2   0x0000000e   Code   RO         2723    i._is_digit         c_p.l(__printf_wp.o)
    0x00002ab0   0x00000028   Code   RO          927    i.drv_4G_led_on     drv_led.o
    0x00002ad8   0x00000060   Code   RO         1178    i.drv_5825_00_i2c_write  drv_dap_tas5825.o
    0x00002b38   0x00000060   Code   RO         1179    i.drv_5825_01_i2c_write  drv_dap_tas5825.o
    0x00002b98   0x0000004c   Code   RO         1180    i.drv_5825_Init     drv_dap_tas5825.o
    0x00002be4   0x00000048   Code   RO         1181    i.drv_5825_Load_in_Param  drv_dap_tas5825.o
    0x00002c2c   0x00000014   Code   RO         1184    i.drv_5825_amp_fault_det_init  drv_dap_tas5825.o
    0x00002c40   0x00000014   Code   RO         1185    i.drv_5825_amp_warn_det_init  drv_dap_tas5825.o
    0x00002c54   0x0000003c   Code   RO         1186    i.drv_5825_gpio012_config  drv_dap_tas5825.o
    0x00002c90   0x00000018   Code   RO         1187    i.drv_5825_mute_pin_init  drv_dap_tas5825.o
    0x00002ca8   0x00000010   Code   RO         1188    i.drv_5825_mute_pin_set  drv_dap_tas5825.o
    0x00002cb8   0x0000000a   Code   RO         1189    i.drv_5825_powerdown_pin_init  drv_dap_tas5825.o
    0x00002cc2   0x00000002   PAD
    0x00002cc4   0x00000028   Code   RO         1190    i.drv_5825_powerdown_pin_set  drv_dap_tas5825.o
    0x00002cec   0x0000006c   Code   RO         1192    i.drv_5825_vol_set  drv_dap_tas5825.o
    0x00002d58   0x00000048   Code   RO          995    i.drv_Adc_pcm1862_Init  drv_adc_pcm1862.o
    0x00002da0   0x0000007c   Code   RO          901    i.drv_Cmd_Send2NCU031  drv_nuc031.o
    0x00002e1c   0x0000003c   Code   RO          902    i.drv_FM_on_NCU031_reset  drv_nuc031.o
    0x00002e58   0x0000000c   Code   RO          776    i.drv_FourGmodel_power_key_SetHi  drv_4g_model.o
    0x00002e64   0x0000000c   Code   RO          777    i.drv_FourGmodel_power_key_SetLow  drv_4g_model.o
    0x00002e70   0x0000002c   Code   RO          928    i.drv_all_led_on    drv_led.o
    0x00002e9c   0x0000000a   Code   RO         1053    i.drv_audio_4G_Channel  drv_audio.o
    0x00002ea6   0x0000000a   Code   RO         1054    i.drv_audio_AuxIn_Channel  drv_audio.o
    0x00002eb0   0x0000000a   Code   RO         1055    i.drv_audio_FM_Channel  drv_audio.o
    0x00002eba   0x00000002   PAD
    0x00002ebc   0x00000020   Code   RO          929    i.drv_aux_led_on    drv_led.o
    0x00002edc   0x00000028   Code   RO          930    i.drv_bt_led_on     drv_led.o
    0x00002f04   0x00000090   Code   RO         1114    i.drv_dap_3251_Init  drv_dap_tas3251.o
    0x00002f94   0x00000060   Code   RO         1117    i.drv_dap_3251_i2c_write  drv_dap_tas3251.o
    0x00002ff4   0x00000030   Code   RO         1118    i.drv_dap_3251_rest  drv_dap_tas3251.o
    0x00003024   0x00000054   Code   RO         1120    i.drv_dap_3251_vol_set  drv_dap_tas3251.o
    0x00003078   0x00000014   Code   RO          931    i.drv_err_led_on    drv_led.o
    0x0000308c   0x00000020   Code   RO          932    i.drv_fm_led_on     drv_led.o
    0x000030ac   0x00000024   Code   RO         1337    i.drv_gipo_key_init  drv_gpio_key.o
    0x000030d0   0x00000088   Code   RO          933    i.drv_led_init      drv_led.o
    0x00003158   0x0000000e   Code   RO          778    i.drv_pairing_cmd_send  drv_4g_model.o
    0x00003166   0x00000002   PAD
    0x00003168   0x00000098   Code   RO          998    i.drv_pcm1862_input_channel  drv_adc_pcm1862.o
    0x00003200   0x00000018   Code   RO          844    i.drv_power_status_updata  drv_power.o
    0x00003218   0x0000000e   Code   RO          779    i.drv_wifi_4g_switch_cmd_send  drv_4g_model.o
    0x00003226   0x00000002   PAD
    0x00003228   0x00000028   Code   RO          934    i.drv_wifi_led_on   drv_led.o
    0x00003250   0x00000006   Code   RO         1380    i.ferror            retarget.o
    0x00003256   0x0000000c   Code   RO         1382    i.fputc             retarget.o
    0x00003262   0x00000002   PAD
    0x00003264   0x000005b6   Code   RO          323    i.main              main.o
    0x0000381a   0x00000002   PAD
    0x0000381c   0x00000034   Code   RO         2478    i.srv_audio_channel_check  srv_audio.o
    0x00003850   0x00000038   Code   RO         2479    i.srv_audio_channel_switch  srv_audio.o
    0x00003888   0x00000008   Code   RO         2480    i.srv_audio_handler  srv_audio.o
    0x00003890   0x0000008c   Code   RO         2421    i.srv_bat_charge_handler  srv_battery.o
    0x0000391c   0x00000010   Code   RO         2599    i.srv_key_eq_switch_handler  srv_key.o
    0x0000392c   0x0000008c   Code   RO         2600    i.srv_key_handler   srv_key.o
    0x000039b8   0x00000078   Code   RO         2601    i.srv_key_mode_handler  srv_key.o
    0x00003a30   0x00000010   Code   RO         2602    i.srv_key_net_config_handler  srv_key.o
    0x00003a40   0x00000010   Code   RO         2603    i.srv_key_next_song_handler  srv_key.o
    0x00003a50   0x00000010   Code   RO         2604    i.srv_key_next_station_handler  srv_key.o
    0x00003a60   0x00000010   Code   RO         2605    i.srv_key_play_pause_handler  srv_key.o
    0x00003a70   0x00000010   Code   RO         2607    i.srv_key_prev_song_handler  srv_key.o
    0x00003a80   0x00000010   Code   RO         2608    i.srv_key_prev_station_handler  srv_key.o
    0x00003a90   0x00000010   Code   RO         2609    i.srv_key_volume_down_handler  srv_key.o
    0x00003aa0   0x00000010   Code   RO         2610    i.srv_key_volume_up_handler  srv_key.o
    0x00003ab0   0x00000014   Code   RO         2444    i.srv_led_change_handler  srv_led.o
    0x00003ac4   0x00000098   Code   RO         2445    i.srv_led_status_show  srv_led.o
    0x00003b5c   0x00000050   Code   RO         2446    i.srv_led_sys_initing  srv_led.o
    0x00003bac   0x0000004c   Code   RO         2514    i.srv_rtc_alarm_get  srv_rtc.o
    0x00003bf8   0x00000050   Code   RO         2515    i.srv_rtc_alarm_set_dw  srv_rtc.o
    0x00003c48   0x00000058   Code   RO         2516    i.srv_rtc_alarm_set_hm  srv_rtc.o
    0x00003ca0   0x0000005c   Code   RO         2517    i.srv_rtc_alarm_set_st  srv_rtc.o
    0x00003cfc   0x00000058   Code   RO         2518    i.srv_rtc_alarm_set_ym  srv_rtc.o
    0x00003d54   0x0000004c   Code   RO         2519    i.srv_rtc_get       srv_rtc.o
    0x00003da0   0x00000054   Code   RO         2521    i.srv_rtc_set_dw    srv_rtc.o
    0x00003df4   0x00000058   Code   RO         2522    i.srv_rtc_set_hm    srv_rtc.o
    0x00003e4c   0x0000005c   Code   RO         2523    i.srv_rtc_set_st    srv_rtc.o
    0x00003ea8   0x0000005c   Code   RO         2524    i.srv_rtc_set_ym    srv_rtc.o
    0x00003f04   0x000000a8   Code   RO         1384    i.stackDump         retarget.o
    0x00003fac   0x00000020   Data   RO            5    .constdata          system_nuc029xge.o
    0x00003fcc   0x00000002   Data   RO         1000    .constdata          drv_adc_pcm1862.o
    0x00003fce   0x00000002   Data   RO         1001    .constdata          drv_adc_pcm1862.o
    0x00003fd0   0x00000002   Data   RO         1002    .constdata          drv_adc_pcm1862.o
    0x00003fd2   0x00000002   Data   RO         1003    .constdata          drv_adc_pcm1862.o
    0x00003fd4   0x00000002   Data   RO         1004    .constdata          drv_adc_pcm1862.o
    0x00003fd6   0x00000002   Data   RO         1005    .constdata          drv_adc_pcm1862.o
    0x00003fd8   0x00000030   Data   RO         1006    .constdata          drv_adc_pcm1862.o
    0x00004008   0x000008ea   Data   RO         1121    .constdata          drv_dap_tas3251.o
    0x000048f2   0x00003d98   Data   RO         1194    .constdata          drv_dap_tas5825.o
    0x0000868a   0x0000000c   Data   RO         1338    .constdata          drv_gpio_key.o
    0x00008696   0x00000002   PAD
    0x00008698   0x00000030   Data   RO         1580    .constdata          clk.o
    0x000086c8   0x00000020   Data   RO         2199    .constdata          timer.o
    0x000086e8   0x00000028   Data   RO         2696    .constdata          c_p.l(_printf_hex_int.o)
    0x00008710   0x00000011   Data   RO         2726    .constdata          c_p.l(__printf_flags_wp.o)
    0x00008721   0x00000003   PAD
    0x00008724   0x00000020   Data   RO         2932    Region$$Table       anon$$obj.o


    Execution Region ER_RW (Base: 0x20000000, Size: 0x00000248, Max: 0xffffffff, ABSOLUTE)

    Base Addr    Size         Type   Attr      Idx    E Section Name        Object

    0x20000000   0x0000000c   Data   RW            6    .data               system_nuc029xge.o
    0x2000000c   0x00000004   Data   RW          148    .data               core.o
    0x20000010   0x00000001   Data   RW          203    .data               core_msg.o
    0x20000011   0x00000003   PAD
    0x20000014   0x0000001c   Data   RW          248    .data               hal_timer0.o
    0x20000030   0x00000008   Data   RW          249    .data               hal_timer0.o
    0x20000038   0x00000001   Data   RW          324    .data               main.o
    0x20000039   0x00000001   Data   RW          325    .data               main.o
    0x2000003a   0x00000002   PAD
    0x2000003c   0x00000010   Data   RW          550    .data               io_uart.o
    0x2000004c   0x00000004   Data   RW          632    .data               io_usci_uart.o
    0x20000050   0x00000008   Data   RW         1007    .data               drv_adc_pcm1862.o
    0x20000058   0x000000aa   Data   RW         1124    .data               drv_dap_tas3251.o
    0x20000102   0x000000aa   Data   RW         1196    .data               drv_dap_tas5825.o
    0x200001ac   0x00000044   Data   RW         1295    .data               drv_ irkey.o
    0x200001f0   0x00000014   Data   RW         1339    .data               drv_gpio_key.o
    0x20000204   0x00000004   Data   RW         1385    .data               retarget.o
    0x20000208   0x00000030   Data   RW         2292    .data               rtc.o
    0x20000238   0x00000002   Data   RW         2422    .data               srv_battery.o
    0x2000023a   0x00000003   Data   RW         2447    .data               srv_led.o
    0x2000023d   0x00000003   PAD
    0x20000240   0x00000008   Data   RW         2481    .data               srv_audio.o


    Execution Region ER_ZI (Base: 0x20000248, Size: 0x00000c40, Max: 0xffffffff, ABSOLUTE)

    Base Addr    Size         Type   Attr      Idx    E Section Name        Object

    0x20000248   0x00000200   Zero   RW          202    .bss                core_msg.o
    0x20000448   0x00000018   Zero   RW          480    .bss                io_i2c.o
    0x20000460   0x00000572   Zero   RW          549    .bss                io_uart.o
    0x200009d2   0x00000021   Zero   RW         1294    .bss                drv_ irkey.o
    0x200009f3   0x00000001   PAD
    0x200009f4   0x00000030   Zero   RW         2400    .bss                tym_global.o
    0x20000a24   0x00000060   Zero   RW         2807    .bss                c_p.l(libspace.o)
    0x20000a84   0x00000004   PAD
    0x20000a88   0x00000000   Zero   RW          136    HEAP                startup_nuc029xge.o
    0x20000a88   0x00000400   Zero   RW          135    STACK               startup_nuc029xge.o


==============================================================================

Image component sizes


      Code (inc. data)   RO Data    RW Data    ZI Data      Debug   Object Name

       120         22          0          0          0       1884   adc.o
       936        140         48          0          0       7380   clk.o
        64         26          0          4          0       1754   core.o
       236         28          0          1        512       3135   core_msg.o
       424         84          0         68         33       4303   drv_ irkey.o
       272         34          0          0          0       3770   drv_4g_model.o
       224        104         60          8          0       2683   drv_adc_pcm1862.o
       132         14          0          0          0       3725   drv_audio.o
       372        122       2282        170          0       3741   drv_dap_tas3251.o
       638        132      15768        170          0       7780   drv_dap_tas5825.o
       344         30         12         20          0       2901   drv_gpio_key.o
       384         66          0          0          0       3628   drv_led.o
       184         22          0          0          0       1199   drv_nuc031.o
       508         50          0          0          0       4805   drv_power.o
        66          0          0          0          0       1424   gpio.o
       288         58          0         36          0      13193   hal_timer0.o
       174          6          0          0          0       4737   i2c.o
       356        118          0          0          0       8052   io_gpio.o
      1334        158          0          0         24      12334   io_i2c.o
       632        174          0         16       1394       5603   io_uart.o
       704        412          0          4          0       9970   io_usci_uart.o
      2084        492          0          2          0      79834   main.o
       286        132          0          4          0       4723   retarget.o
       868         52          0         48          0       7069   rtc.o
       116         36          0          8          0       1699   srv_audio.o
       140         14          0          2          0        856   srv_battery.o
       404         40          0          0          0       5623   srv_key.o
       252         26          0          3          0       1841   srv_led.o
       876        266          0          0          0       6447   srv_rtc.o
        52         22        192          0       1024        656   startup_nuc029xge.o
        26          0          0          0          0     189374   sys.o
       146         28         32         12          0     212835   system_nuc029xge.o
       400         62         32          0          0       2690   timer.o
         0          0          0          0         48       1629   tym_global.o
       104         18          0          0          0       7897   uart_1.o
       304         14          0          0          0       1693   usci_uart_1.o

    ----------------------------------------------------------------------
     14474       3002      18460        584       3036     632867   Object Totals
         0          0         32          0          0          0   (incl. Generated)
        24          0          2          8          1          0   (incl. Padding)

    ----------------------------------------------------------------------

      Code (inc. data)   RO Data    RW Data    ZI Data      Debug   Library Member Name

         8          0          0          0          0         68   __main.o
       312          6         17          0          0         76   __printf_flags_wp.o
        14          0          0          0          0         60   __printf_wp.o
         0          0          0          0          0          0   __rtentry.o
        12          0          0          0          0          0   __rtentry2.o
         6          0          0          0          0          0   __rtentry4.o
        60          8          0          0          0          0   __scatter.o
        26          0          0          0          0          0   __scatter_copy.o
        28          0          0          0          0          0   __scatter_zi.o
        48          6          0          0          0         88   _printf_char_common.o
        40          6          0          0          0         72   _printf_char_file.o
        10          0          0          0          0          0   _printf_d.o
       108         18          0          0          0         76   _printf_dec.o
        88          4         40          0          0         72   _printf_hex_int.o
       176          0          0          0          0         84   _printf_intcommon.o
        78          0          0          0          0        100   _printf_pad.o
         2          0          0          0          0          0   _printf_percent.o
         4          0          0          0          0          0   _printf_percent_end.o
        10          0          0          0          0          0   _printf_x.o
       346          0          0          0          0         92   aeabi_sdiv.o
        16          0          0          0          0         68   exit.o
         6          0          0          0          0        136   heapauxi.o
         0          0          0          0          0          0   indicate_semi.o
         2          0          0          0          0          0   libinit.o
         2          0          0          0          0          0   libinit2.o
         2          0          0          0          0          0   libshutdown.o
         2          0          0          0          0          0   libshutdown2.o
         8          4          0          0         96         68   libspace.o
        28          6          0          0          0         84   noretval__2printf.o
        56          0          0          0          0         68   rt_memcpy.o
         2          0          0          0          0          0   rtexit.o
        10          0          0          0          0          0   rtexit2.o
        40          0          0          0          0         60   rtudiv10.o
        12          4          0          0          0         60   sys_exit.o
        62          0          0          0          0         80   sys_stackheap_outer.o
         2          0          0          0          0         68   use_no_semi.o

    ----------------------------------------------------------------------
      1634         62         60          0        100       1480   Library Totals
         8          0          3          0          4          0   (incl. Padding)

    ----------------------------------------------------------------------

      Code (inc. data)   RO Data    RW Data    ZI Data      Debug   Library Name

      1626         62         57          0         96       1480   c_p.l

    ----------------------------------------------------------------------
      1634         62         60          0        100       1480   Library Totals

    ----------------------------------------------------------------------

==============================================================================


      Code (inc. data)   RO Data    RW Data    ZI Data      Debug   

     16108       3064      18520        584       3136     626047   Grand Totals
     16108       3064      18520        584       3136     626047   ELF Image Totals
     16108       3064      18520        584          0          0   ROM Totals

==============================================================================

    Total RO  Size (Code + RO Data)                34628 (  33.82kB)
    Total RW  Size (RW Data + ZI Data)              3720 (   3.63kB)
    Total ROM Size (Code + RO Data + RW Data)      35212 (  34.39kB)

==============================================================================

