<html>
<body>
<pre>
<h1>µVision Build Log</h1>
<h2>Tool Versions:</h2>
IDE-Version: ¦ÌVision V5.22.0.0
Copyright (C) 2016 ARM Ltd and ARM Germany GmbH. All rights reserved.
License Information: kim it tym Flex license: error obtaining information 
Tool Versions:
Toolchain:       MDK-Lite  Version: 5.22
Toolchain Path:  C:\Keil_v5\ARM\ARMCC\Bin
C Compiler:      Armcc.exe V5.06 update 4 (build 422)
Assembler:       Armasm.exe V5.06 update 4 (build 422)
Linker/Locator:  ArmLink.exe V5.06 update 4 (build 422)
Library Manager: ArmAr.exe V5.06 update 4 (build 422)
Hex Converter:   FromElf.exe V5.06 update 4 (build 422)
CPU DLL:         SARMCM3.DLL V5.22
Dialog DLL:      DARMCM1.DLL V1.15.0.0
Target DLL:      NULink\Nu_Link.dll V3.00
Dialog DLL:      TARMCM1.DLL V1.11.0.0
 
<h2>Project:</h2>
E:\MW-V\firmware\ES2\mw-v\tools\MW-V_029.uvproj
Project File Date:  03/10/2020

<h2>Output:</h2>
*** Using Compiler 'V5.06 update 4 (build 422)', folder: 'C:\Keil_v5\ARM\ARMCC\Bin'
Rebuild target 'MW-V_029'
creating preprocessor file for system_NUC029xGE.c...
assembling startup_NUC029xGE.s...
creating preprocessor file for core.c...
creating preprocessor file for core_msg.c...
compiling system_NUC029xGE.c...
compiling core.c...
creating preprocessor file for hal_timer0.c...
compiling core_msg.c...
creating preprocessor file for main.c...
creating preprocessor file for io_gpio.c...
compiling hal_timer0.c...
creating preprocessor file for io_i2c.c...
compiling main.c...
..\main.c(213): warning:  #223-D: function "Drv_audio_powerdown" declared implicitly
  	Drv_audio_powerdown();
..\main.c: 1 warning, 0 errors
compiling io_gpio.c...
creating preprocessor file for io_uart.c...
creating preprocessor file for io_usci_uart.c...
compiling io_i2c.c...
creating preprocessor file for io_ii2c.c...
compiling io_uart.c...
compiling io_usci_uart.c...
creating preprocessor file for drv_4G_model.c...
creating preprocessor file for drv_power.c...
compiling io_ii2c.c...
creating preprocessor file for drv_nuc031.c...
compiling drv_4G_model.c...
compiling drv_power.c...
creating preprocessor file for drv_led.c...
creating preprocessor file for drv_adc_pcm1862.c...
compiling drv_nuc031.c...
creating preprocessor file for drv_audio.c...
compiling drv_led.c...
compiling drv_adc_pcm1862.c...
creating preprocessor file for drv_dap_tas3251.c...
creating preprocessor file for drv_dap_tas5825.c...
compiling drv_audio.c...
..\src\driver\audio\drv_audio.c(142): warning:  #223-D: function "drv_5825_powerdown_pin_set" declared implicitly
  	drv_5825_powerdown_pin_set(0);//power down
..\src\driver\audio\drv_audio.c: 1 warning, 0 errors
compiling drv_dap_tas3251.c...
creating preprocessor file for drv_ irkey.c...
compiling drv_dap_tas5825.c...
creating preprocessor file for drv_gpio_key.c...
creating preprocessor file for retarget.c...
compiling drv_ irkey.c...
compiling drv_gpio_key.c...
creating preprocessor file for sys.c...
compiling retarget.c...
creating preprocessor file for clk.c...
creating preprocessor file for uart.c...
compiling sys.c...
compiling clk.c...
creating preprocessor file for i2c.c...
compiling uart.c...
creating preprocessor file for gpio.c...
creating preprocessor file for adc.c...
compiling i2c.c...
compiling gpio.c...
creating preprocessor file for usci_uart.c...
compiling adc.c...
creating preprocessor file for timer.c...
creating preprocessor file for rtc.c...
compiling usci_uart.c...
compiling timer.c...
creating preprocessor file for tym_global.c...
compiling rtc.c...
creating preprocessor file for srv_battery.c...
creating preprocessor file for srv_led.c...
compiling tym_global.c...
compiling srv_battery.c...
creating preprocessor file for srv_audio.c...
compiling srv_led.c...
creating preprocessor file for srv_rtc.c...
creating preprocessor file for srv_key.c...
compiling srv_audio.c...
compiling srv_rtc.c...
compiling srv_key.c...
..\src\server\key\srv_key.c(126): warning:  #223-D: function "SYS_Status" declared implicitly
  			SYS_Status();
..\src\server\key\srv_key.c(131): warning:  #223-D: function "PowerOff" declared implicitly
  			PowerOff();
..\src\server\key\srv_key.c(132): warning:  #223-D: function "SysIdle" declared implicitly
  			SysIdle();
..\src\server\key\srv_key.c: 3 warnings, 0 errors
linking...
Program Size: Code=16312 RO-data=18728 RW-data=592 ZI-data=3136  
FromELF: creating hex file...
After Build - User command #1: fromelf --bin ".\obj\MW-V_029.axf" --output ".\obj\MW-V_029.bin"
After Build - User command #2: fromelf --text -c ".\obj\MW-V_029.axf" --output ".\obj\MW-V_029.txt"
".\obj\MW-V_029.axf" - 0 Error(s), 5 Warning(s).
Build Time Elapsed:  00:00:40
</pre>
</body>
</html>
