<html>
<body>
<pre>
<h1>µVision Build Log</h1>
<h2>Tool Versions:</h2>
IDE-Version: ¦ÌVision V5.22.0.0
Copyright (C) 2016 ARM Ltd and ARM Germany GmbH. All rights reserved.
License Information: kim it tym Flex license: MDK-ARM Standard Cortex-M only: 1 user(s) (mdk_cm_std) Support: Dec 2017
 
Tool Versions:
Toolchain:       MDK-ARM Standard Cortex-M only: 1 user(s)  Version: 5.22
Toolchain Path:  C:\Keil_v5\ARM\ARMCC\Bin
C Compiler:      Armcc.exe V5.06 update 4 (build 422)
Assembler:       Armasm.exe V5.06 update 4 (build 422)
Linker/Locator:  ArmLink.exe V5.06 update 4 (build 422)
Library Manager: ArmAr.exe V5.06 update 4 (build 422)
Hex Converter:   FromElf.exe V5.06 update 4 (build 422)
CPU DLL:         SARMCM3.DLL V5.22
Dialog DLL:      DARMCM1.DLL V1.15.0.0
Target DLL:      NULink\Nu_Link.dll V3.00
Dialog DLL:      TARMCM1.DLL V1.11.0.0
 
<h2>Project:</h2>
E:\MW-V\firmware\ES3\mw-v\tools\MW-V_029.uvproj
Project File Date:  05/19/2020

<h2>Output:</h2>
*** Using Compiler 'V5.06 update 4 (build 422)', folder: 'C:\Keil_v5\ARM\ARMCC\Bin'
Rebuild target 'MW-V_029'
creating preprocessor file for system_NUC029xGE.c...
assembling startup_NUC029xGE.s...
creating preprocessor file for core.c...
creating preprocessor file for core_msg.c...
compiling system_NUC029xGE.c...
compiling core.c...
creating preprocessor file for hal_timer0.c...
creating preprocessor file for main.c...
compiling core_msg.c...
creating preprocessor file for io_gpio.c...
compiling hal_timer0.c...
creating preprocessor file for io_i2c.c...
compiling main.c...
..\src\driver\include\MoudleFm.h(331): warning:  #1295-D: Deprecated declaration si47xxFMRX_get_frequency - give arg types
  
int32_t si47xxFMRX_get_frequency();
..\src\driver\include\hal_adc.h(16): warning:  #1295-D: Deprecated declaration ADC_FunctionTest - give arg types
  void ADC_FunctionTest();
..\main.c(192): warning:  #223-D: function "hal_fmc_init" declared implicitly
  	hal_fmc_init();
..\main.c(215): warning:  #223-D: function "DataRead" declared implicitly
  	DataRead();
..\main.c(246): warning:  #223-D: function "Drv_audio_powerdown" declared implicitly
  	Drv_audio_powerdown();
..\main.c(273): warning:  #223-D: function "Drv_audio_powerdown" declared implicitly
  	Drv_audio_powerdown();
..\main.c(1107): warning:  #188-D: enumerated type mixed with another type
  							Global_datas.SubBoard.eq_mode = msg.param2 >> 4;
..\main.c(1108): warning:  #188-D: enumerated type mixed with another type
  							Global_datas.SubBoard.playmode = msg.param2 & 0x0f;
..\main.c(852): warning:  #177-D: variable "bat_val"  was declared but never referenced
    	uint8_t bat_val[2];
..\main.c(1147): warning:  #177-D: variable "resume_timecount"  was declared but never referenced
  	uint8_t resume_timecount = 0;
..\main.c(1566): warning:  #223-D: function "Fm_Rest" declared implicitly
  			Fm_Rest();
..\main.c(1595): warning:  #223-D: function "Drv_audio_powerdown" declared implicitly
  			Drv_audio_powerdown();
..\main.c(1680): warning:  #223-D: function "srv_key_mode_switch_to" declared implicitly
  			srv_key_mode_switch_to(SYS_PLAY_STATE_AUX);	
..\main.c(1779): warning:  #223-D: function "srv_key_eq_outdoor_switch_handler" declared implicitly
  				srv_key_eq_outdoor_switch_handler();
..\main.c(1790): warning:  #223-D: function "srv_key_eq_outdoor_switch_handler" declared implicitly
  				srv_key_eq_outdoor_switch_handler();
..\main.c(2015): warning:  #223-D: function "DataStore" declared implicitly
  					DataStore();
..\main.c(2142): warning:  #223-D: function "DataStore" declared implicitly
  						DataStore();
..\main.c: 17 warnings, 0 errors
compiling io_gpio.c...
creating preprocessor file for io_uart.c...
creating preprocessor file for io_usci_uart.c...
compiling io_i2c.c...
..\src\io\io_i2c.c(64): warning:  #223-D: function "FmIoConfig" declared implicitly
  	FmIoConfig();
..\src\io\io_i2c.c: 1 warning, 0 errors
compiling io_uart.c...
creating preprocessor file for io_ii2c.c...
creating preprocessor file for drv_4G_model.c...
compiling io_usci_uart.c...
creating preprocessor file for drv_power.c...
compiling io_ii2c.c...
creating preprocessor file for drv_nuc031.c...
compiling drv_4G_model.c...
creating preprocessor file for drv_led.c...
compiling drv_power.c...
creating preprocessor file for drv_adc_pcm1862.c...
compiling drv_nuc031.c...
compiling drv_led.c...
creating preprocessor file for drv_audio.c...
creating preprocessor file for drv_dap_tas3251.c...
compiling drv_adc_pcm1862.c...
..\src\driver\audio\drv_adc_pcm1862.c(167): warning:  #223-D: function "I2S_select_pin_dac" declared implicitly
  	I2S_select_pin_dac();
..\src\driver\audio\drv_adc_pcm1862.c: 1 warning, 0 errors
compiling drv_audio.c...
..\src\driver\audio\drv_audio.c(208): warning:  #223-D: function "drv_5825_powerdown_pin_set" declared implicitly
  	drv_5825_powerdown_pin_set(0);//power down
..\src\driver\audio\drv_audio.c: 1 warning, 0 errors
creating preprocessor file for drv_dap_tas5825.c...
compiling drv_dap_tas3251.c...
creating preprocessor file for drv_ irkey.c...
creating preprocessor file for drv_gpio_key.c...
compiling drv_dap_tas5825.c...
compiling drv_ irkey.c...
creating preprocessor file for MoudleFm.c...
compiling drv_gpio_key.c...
creating preprocessor file for drv_fmc.c...
creating preprocessor file for hal_adc.c...
compiling MoudleFm.c...
..\src\driver\include\MoudleFm.h(331): warning:  #1295-D: Deprecated declaration si47xxFMRX_get_frequency - give arg types
  uint32_t si47xxFMRX_get_frequency();
..\src\driver\MoudleFm.c(174): warning:  #177-D: variable "j"  was declared but never referenced
  	int j = 0;
..\src\driver\MoudleFm.c(405): warning:  #177-D: variable "addr"  was declared but never referenced
      uint8_t addr;
..\src\driver\MoudleFm.c(577): warning:  #550-D: variable "fwMajor"  was set but never used
  	char fwMajor;
..\src\driver\MoudleFm.c(578): warning:  #550-D: variable "fwMinor"  was set but never used
  	char fwMinor;
..\src\driver\MoudleFm.c(579): warning:  #550-D: variable "patchID"  was set but never used
  	uint32_t  patchID;
..\src\driver\MoudleFm.c(580): warning:  #550-D: variable "cmpMajor"  was set but never used
  	char cmpMajor;
..\src\driver\MoudleFm.c(581): warning:  #550-D: variable "cmpMinor"  was set but never used
  	char cmpMinor;
..\src\driver\MoudleFm.c(582): warning:  #550-D: variable "chipRev"  was set but never used
  	char chipRev;
..\src\driver\MoudleFm.c: 9 warnings, 0 errors
creating preprocessor file for retarget.c...
compiling drv_fmc.c...
..\src\driver\include\MoudleFm.h(331): warning:  #1295-D: Deprecated declaration si47xxFMRX_get_frequency - give arg types
  uint32_t si47xxFMRX_get_frequency();
..\src\driver\drv_fmc.c(54): warning:  #223-D: function "IsDebugFifoEmpty" declared implicitly
      while(!IsDebugFifoEmpty());
..\src\driver\drv_fmc.c: 2 warnings, 0 errors
compiling hal_adc.c...
..\src\driver\include\hal_adc.h(16): warning:  #1295-D: Deprecated declaration ADC_FunctionTest - give arg types
  void ADC_FunctionTest();
..\src\driver\hal_adc.c(255): warning:  #188-D: enumerated type mixed with another type
  		Global_datas.PowerState.battery_level = current_step;
..\src\driver\hal_adc.c(223): warning:  #550-D: variable "prev_step"  was set but never used
  	uint8_t prev_step = 0;
..\src\driver\hal_adc.c: 3 warnings, 0 errors
creating preprocessor file for sys.c...
creating preprocessor file for clk.c...
compiling retarget.c...
creating preprocessor file for uart.c...
compiling sys.c...
compiling clk.c...
creating preprocessor file for i2c.c...
creating preprocessor file for gpio.c...
compiling uart.c...
compiling i2c.c...
creating preprocessor file for adc.c...
compiling gpio.c...
creating preprocessor file for usci_uart.c...
compiling adc.c...
creating preprocessor file for timer.c...
creating preprocessor file for rtc.c...
compiling usci_uart.c...
compiling timer.c...
creating preprocessor file for fmc.c...
creating preprocessor file for tym_global.c...
compiling rtc.c...
creating preprocessor file for srv_battery.c...
compiling fmc.c...
compiling tym_global.c...
creating preprocessor file for srv_led.c...
creating preprocessor file for srv_audio.c...
compiling srv_battery.c...
compiling srv_led.c...
creating preprocessor file for srv_rtc.c...
compiling srv_audio.c...
creating preprocessor file for srv_key.c...
compiling srv_rtc.c...
compiling srv_key.c...
..\src\server\key\srv_key.c(36): warning:  #223-D: function "Cmd_Send2FourG" declared implicitly
  		Cmd_Send2FourG(0x03 ,0x18,0x00);
..\src\server\key\srv_key.c(38): warning:  #223-D: function "test_FMRXtune" declared implicitly
  		test_FMRXtune();
..\src\server\key\srv_key.c(39): warning:  #223-D: function "SendFmFreqToSubBoard" declared implicitly
  		SendFmFreqToSubBoard();
..\src\server\key\srv_key.c(70): warning:  #223-D: function "si47xxFMRX_powerdown" declared implicitly
  		  si47xxFMRX_powerdown();
..\src\server\key\srv_key.c(80): warning:  #223-D: function "si47xxFMRX_powerdown" declared implicitly
  			si47xxFMRX_powerdown();
..\src\server\key\srv_key.c(109): warning:  #223-D: function "Cmd_Send2FourG" declared implicitly
  			Cmd_Send2FourG(0x03 ,0x16,0x00);
..\src\server\key\srv_key.c(132): warning:  #223-D: function "test_FMRXtune" declared implicitly
  			test_FMRXtune();
..\src\server\key\srv_key.c(148): warning:  #223-D: function "Cmd_Send2FourG" declared implicitly
  			Cmd_Send2FourG(0x03 ,0x17,0x00);
..\src\server\key\srv_key.c(172): warning:  #223-D: function "test_FMRXtune" declared implicitly
  			test_FMRXtune();
..\src\server\key\srv_key.c(189): warning:  #223-D: function "Cmd_Send2FourG" declared implicitly
  			Cmd_Send2FourG(0x03 ,0x17,0x00);
..\src\server\key\srv_key.c(213): warning:  #223-D: function "test_FMRXtune" declared implicitly
  			test_FMRXtune();
..\src\server\key\srv_key.c(228): warning:  #223-D: function "Cmd_Send2FourG" declared implicitly
  			Cmd_Send2FourG(0x03 ,0x17,0x00);
..\src\server\key\srv_key.c(243): warning:  #223-D: function "si47xxFMRX_powerdown" declared implicitly
  			    si47xxFMRX_powerdown();
..\src\server\key\srv_key.c(252): warning:  #223-D: function "si47xxFMRX_powerdown" declared implicitly
  				si47xxFMRX_powerdown();
..\src\server\key\srv_key.c(267): warning:  #223-D: function "si47xxFMRX_powerdown" declared implicitly
  			  si47xxFMRX_powerdown();
..\src\server\key\srv_key.c(277): warning:  #223-D: function "si47xxFMRX_powerdown" declared implicitly
  				si47xxFMRX_powerdown();
..\src\server\key\srv_key.c(365): warning:  #223-D: function "SYS_Status" declared implicitly
  			SYS_Status();
..\src\server\key\srv_key.c(370): warning:  #223-D: function "PowerOff" declared implicitly
  			PowerOff();
..\src\server\key\srv_key.c(371): warning:  #223-D: function "SysIdle" declared implicitly
  			SysIdle();
..\src\server\key\srv_key.c(386): warning:  #223-D: function "drv_5825_mute_pin_set" declared implicitly
  			drv_5825_mute_pin_set(0);  // mute
..\src\server\key\srv_key.c: 20 warnings, 0 errors
linking...
Program Size: Code=18844 RO-data=36528 RW-data=688 ZI-data=3384  
FromELF: creating hex file...
After Build - User command #1: fromelf --bin ".\obj\MW-V_029.axf" --output ".\obj\MW-V_029.bin"
After Build - User command #2: fromelf --text -c ".\obj\MW-V_029.axf" --output ".\obj\MW-V_029.txt"
".\obj\MW-V_029.axf" - 0 Error(s), 54 Warning(s).
Build Time Elapsed:  00:00:45
</pre>
</body>
</html>
